2026-01-27T21:28:10.2461797Z Current runner version: '2.331.0'
2026-01-27T21:28:10.2484401Z ##[group]Runner Image Provisioner
2026-01-27T21:28:10.2485344Z Hosted Compute Agent
2026-01-27T21:28:10.2485866Z Version: 20260115.477
2026-01-27T21:28:10.2486436Z Commit: 4b342d620503cbe250a3154040964899ea7c9b00
2026-01-27T21:28:10.2487153Z Build Date: 2026-01-15T22:32:41Z
2026-01-27T21:28:10.2487800Z Worker ID: {73c007a1-fabb-4e82-be67-2a3afee82c86}
2026-01-27T21:28:10.2488461Z Azure Region: westus3
2026-01-27T21:28:10.2489042Z ##[endgroup]
2026-01-27T21:28:10.2490366Z ##[group]Operating System
2026-01-27T21:28:10.2490962Z Ubuntu
2026-01-27T21:28:10.2491649Z 24.04.3
2026-01-27T21:28:10.2492125Z LTS
2026-01-27T21:28:10.2492601Z ##[endgroup]
2026-01-27T21:28:10.2493082Z ##[group]Runner Image
2026-01-27T21:28:10.2493630Z Image: ubuntu-24.04
2026-01-27T21:28:10.2494089Z Version: 20260119.4.1
2026-01-27T21:28:10.2495261Z Included Software: https://github.com/actions/runner-images/blob/ubuntu24/20260119.4/images/ubuntu/Ubuntu2404-Readme.md
2026-01-27T21:28:10.2496677Z Image Release: https://github.com/actions/runner-images/releases/tag/ubuntu24%2F20260119.4
2026-01-27T21:28:10.2497584Z ##[endgroup]
2026-01-27T21:28:10.2498556Z ##[group]GITHUB_TOKEN Permissions
2026-01-27T21:28:10.2500531Z Contents: read
2026-01-27T21:28:10.2501412Z Metadata: read
2026-01-27T21:28:10.2501887Z Packages: read
2026-01-27T21:28:10.2502357Z ##[endgroup]
2026-01-27T21:28:10.2504451Z Secret source: Actions
2026-01-27T21:28:10.2505146Z Prepare workflow directory
2026-01-27T21:28:10.2880229Z Prepare all required actions
2026-01-27T21:28:10.2917720Z Getting action download info
2026-01-27T21:28:10.7145010Z Download action repository 'actions/checkout@v4' (SHA:34e114876b0b11c390a56381ad16ebd13914f8d5)
2026-01-27T21:28:10.8253085Z Download action repository 'actions/setup-python@v5' (SHA:a26af69be951a213d495a4c3e4e4022e16d87065)
2026-01-27T21:28:10.9056933Z Download action repository 'actions/upload-artifact@v4' (SHA:ea165f8d65b6e75b540449e92b4886f43607fa02)
2026-01-27T21:28:11.1162809Z Complete job name: validate-frontend
2026-01-27T21:28:11.1827096Z ##[group]Run actions/checkout@v4
2026-01-27T21:28:11.1827901Z with:
2026-01-27T21:28:11.1828363Z   repository: AutumnCrocus/JapanHorseRacePrediction
2026-01-27T21:28:11.1829071Z   token: ***
2026-01-27T21:28:11.1829437Z   ssh-strict: true
2026-01-27T21:28:11.1829816Z   ssh-user: git
2026-01-27T21:28:11.1830195Z   persist-credentials: true
2026-01-27T21:28:11.1830620Z   clean: true
2026-01-27T21:28:11.1831163Z   sparse-checkout-cone-mode: true
2026-01-27T21:28:11.1831635Z   fetch-depth: 1
2026-01-27T21:28:11.1832003Z   fetch-tags: false
2026-01-27T21:28:11.1832397Z   show-progress: true
2026-01-27T21:28:11.1832781Z   lfs: false
2026-01-27T21:28:11.1833139Z   submodules: false
2026-01-27T21:28:11.1833532Z   set-safe-directory: true
2026-01-27T21:28:11.1834188Z ##[endgroup]
2026-01-27T21:28:11.2890240Z Syncing repository: AutumnCrocus/JapanHorseRacePrediction
2026-01-27T21:28:11.2892184Z ##[group]Getting Git version info
2026-01-27T21:28:11.2893125Z Working directory is '/home/runner/work/JapanHorseRacePrediction/JapanHorseRacePrediction'
2026-01-27T21:28:11.2894235Z [command]/usr/bin/git version
2026-01-27T21:28:11.2975865Z git version 2.52.0
2026-01-27T21:28:11.3001500Z ##[endgroup]
2026-01-27T21:28:11.3022065Z Temporarily overriding HOME='/home/runner/work/_temp/be58beeb-7bc8-42cb-802e-d80b7006cc0f' before making global git config changes
2026-01-27T21:28:11.3023448Z Adding repository directory to the temporary git global config as a safe directory
2026-01-27T21:28:11.3027678Z [command]/usr/bin/git config --global --add safe.directory /home/runner/work/JapanHorseRacePrediction/JapanHorseRacePrediction
2026-01-27T21:28:11.3063613Z Deleting the contents of '/home/runner/work/JapanHorseRacePrediction/JapanHorseRacePrediction'
2026-01-27T21:28:11.3066876Z ##[group]Initializing the repository
2026-01-27T21:28:11.3070783Z [command]/usr/bin/git init /home/runner/work/JapanHorseRacePrediction/JapanHorseRacePrediction
2026-01-27T21:28:11.3177442Z hint: Using 'master' as the name for the initial branch. This default branch name
2026-01-27T21:28:11.3179246Z hint: will change to "main" in Git 3.0. To configure the initial branch name
2026-01-27T21:28:11.3180810Z hint: to use in all of your new repositories, which will suppress this warning,
2026-01-27T21:28:11.3182193Z hint: call:
2026-01-27T21:28:11.3182764Z hint:
2026-01-27T21:28:11.3183505Z hint: 	git config --global init.defaultBranch <name>
2026-01-27T21:28:11.3184174Z hint:
2026-01-27T21:28:11.3184711Z hint: Names commonly chosen instead of 'master' are 'main', 'trunk' and
2026-01-27T21:28:11.3185574Z hint: 'development'. The just-created branch can be renamed via this command:
2026-01-27T21:28:11.3186241Z hint:
2026-01-27T21:28:11.3186608Z hint: 	git branch -m <name>
2026-01-27T21:28:11.3187025Z hint:
2026-01-27T21:28:11.3187820Z hint: Disable this message with "git config set advice.defaultBranchName false"
2026-01-27T21:28:11.3189252Z Initialized empty Git repository in /home/runner/work/JapanHorseRacePrediction/JapanHorseRacePrediction/.git/
2026-01-27T21:28:11.3193441Z [command]/usr/bin/git remote add origin https://github.com/AutumnCrocus/JapanHorseRacePrediction
2026-01-27T21:28:11.3226326Z ##[endgroup]
2026-01-27T21:28:11.3227020Z ##[group]Disabling automatic garbage collection
2026-01-27T21:28:11.3230195Z [command]/usr/bin/git config --local gc.auto 0
2026-01-27T21:28:11.3257527Z ##[endgroup]
2026-01-27T21:28:11.3258175Z ##[group]Setting up auth
2026-01-27T21:28:11.3264145Z [command]/usr/bin/git config --local --name-only --get-regexp core\.sshCommand
2026-01-27T21:28:11.3296815Z [command]/usr/bin/git submodule foreach --recursive sh -c "git config --local --name-only --get-regexp 'core\.sshCommand' && git config --local --unset-all 'core.sshCommand' || :"
2026-01-27T21:28:11.3651456Z [command]/usr/bin/git config --local --name-only --get-regexp http\.https\:\/\/github\.com\/\.extraheader
2026-01-27T21:28:11.3682653Z [command]/usr/bin/git submodule foreach --recursive sh -c "git config --local --name-only --get-regexp 'http\.https\:\/\/github\.com\/\.extraheader' && git config --local --unset-all 'http.https://github.com/.extraheader' || :"
2026-01-27T21:28:11.3919450Z [command]/usr/bin/git config --local --name-only --get-regexp ^includeIf\.gitdir:
2026-01-27T21:28:11.3949573Z [command]/usr/bin/git submodule foreach --recursive git config --local --show-origin --name-only --get-regexp remote.origin.url
2026-01-27T21:28:11.4167422Z [command]/usr/bin/git config --local http.https://github.com/.extraheader AUTHORIZATION: basic ***
2026-01-27T21:28:11.4200674Z ##[endgroup]
2026-01-27T21:28:11.4202723Z ##[group]Fetching the repository
2026-01-27T21:28:11.4210590Z [command]/usr/bin/git -c protocol.version=2 fetch --no-tags --prune --no-recurse-submodules --depth=1 origin +96df827e98942946624a9b6542f5841e5e11b6dd:refs/remotes/origin/main
2026-01-27T21:28:12.5521370Z From https://github.com/AutumnCrocus/JapanHorseRacePrediction
2026-01-27T21:28:12.5523143Z  * [new ref]         96df827e98942946624a9b6542f5841e5e11b6dd -> origin/main
2026-01-27T21:28:12.5556612Z ##[endgroup]
2026-01-27T21:28:12.5558513Z ##[group]Determining the checkout info
2026-01-27T21:28:12.5560546Z ##[endgroup]
2026-01-27T21:28:12.5564769Z [command]/usr/bin/git sparse-checkout disable
2026-01-27T21:28:12.5604688Z [command]/usr/bin/git config --local --unset-all extensions.worktreeConfig
2026-01-27T21:28:12.5631263Z ##[group]Checking out the ref
2026-01-27T21:28:12.5635234Z [command]/usr/bin/git checkout --progress --force -B main refs/remotes/origin/main
2026-01-27T21:28:12.6533239Z Switched to a new branch 'main'
2026-01-27T21:28:12.6534844Z branch 'main' set up to track 'origin/main'.
2026-01-27T21:28:12.6549375Z ##[endgroup]
2026-01-27T21:28:12.6587218Z [command]/usr/bin/git log -1 --format=%H
2026-01-27T21:28:12.6609788Z 96df827e98942946624a9b6542f5841e5e11b6dd
2026-01-27T21:28:12.6933657Z ##[group]Run actions/setup-python@v5
2026-01-27T21:28:12.6934921Z with:
2026-01-27T21:28:12.6935758Z   python-version: 3.10
2026-01-27T21:28:12.6936718Z   cache: pip
2026-01-27T21:28:12.6937801Z   check-latest: false
2026-01-27T21:28:12.6939046Z   token: ***
2026-01-27T21:28:12.6939918Z   update-environment: true
2026-01-27T21:28:12.6940946Z   allow-prereleases: false
2026-01-27T21:28:12.6942183Z   freethreaded: false
2026-01-27T21:28:12.6943132Z ##[endgroup]
2026-01-27T21:28:12.8583663Z ##[group]Installed versions
2026-01-27T21:28:12.8685805Z Successfully set up CPython (3.10.19)
2026-01-27T21:28:12.8688852Z ##[endgroup]
2026-01-27T21:28:12.9391549Z [command]/opt/hostedtoolcache/Python/3.10.19/x64/bin/pip cache dir
2026-01-27T21:28:14.1997243Z /home/runner/.cache/pip
2026-01-27T21:28:14.4857904Z pip cache is not found
2026-01-27T21:28:14.4972054Z ##[group]Run python -m pip install --upgrade pip
2026-01-27T21:28:14.4972713Z [36;1mpython -m pip install --upgrade pip[0m
2026-01-27T21:28:14.4973164Z [36;1mif [ -f requirements.txt ]; then pip install -r requirements.txt; fi[0m
2026-01-27T21:28:14.4973594Z [36;1mpip install playwright[0m
2026-01-27T21:28:14.5012122Z shell: /usr/bin/bash -e {0}
2026-01-27T21:28:14.5012425Z env:
2026-01-27T21:28:14.5012719Z   pythonLocation: /opt/hostedtoolcache/Python/3.10.19/x64
2026-01-27T21:28:14.5013193Z   PKG_CONFIG_PATH: /opt/hostedtoolcache/Python/3.10.19/x64/lib/pkgconfig
2026-01-27T21:28:14.5013641Z   Python_ROOT_DIR: /opt/hostedtoolcache/Python/3.10.19/x64
2026-01-27T21:28:14.5014042Z   Python2_ROOT_DIR: /opt/hostedtoolcache/Python/3.10.19/x64
2026-01-27T21:28:14.5014429Z   Python3_ROOT_DIR: /opt/hostedtoolcache/Python/3.10.19/x64
2026-01-27T21:28:14.5014829Z   LD_LIBRARY_PATH: /opt/hostedtoolcache/Python/3.10.19/x64/lib
2026-01-27T21:28:14.5015173Z ##[endgroup]
2026-01-27T21:28:15.2823599Z Requirement already satisfied: pip in /opt/hostedtoolcache/Python/3.10.19/x64/lib/python3.10/site-packages (25.3)
2026-01-27T21:28:16.1980386Z Collecting pandas>=2.0.0 (from -r requirements.txt (line 1))
2026-01-27T21:28:16.2783358Z   Downloading pandas-2.3.3-cp310-cp310-manylinux_2_24_x86_64.manylinux_2_28_x86_64.whl.metadata (91 kB)
2026-01-27T21:28:16.6108636Z Collecting numpy>=1.24.0 (from -r requirements.txt (line 2))
2026-01-27T21:28:16.6230649Z   Downloading numpy-2.2.6-cp310-cp310-manylinux_2_17_x86_64.manylinux2014_x86_64.whl.metadata (62 kB)
2026-01-27T21:28:16.6723871Z Collecting requests>=2.28.0 (from -r requirements.txt (line 3))
2026-01-27T21:28:16.6846775Z   Downloading requests-2.32.5-py3-none-any.whl.metadata (4.9 kB)
2026-01-27T21:28:16.7129337Z Collecting beautifulsoup4>=4.12.0 (from -r requirements.txt (line 4))
2026-01-27T21:28:16.7250568Z   Downloading beautifulsoup4-4.14.3-py3-none-any.whl.metadata (3.8 kB)
2026-01-27T21:28:17.0078964Z Collecting lxml>=4.9.0 (from -r requirements.txt (line 5))
2026-01-27T21:28:17.0203047Z   Downloading lxml-6.0.2-cp310-cp310-manylinux_2_26_x86_64.manylinux_2_28_x86_64.whl.metadata (3.6 kB)
2026-01-27T21:28:17.0518931Z Collecting lightgbm>=4.0.0 (from -r requirements.txt (line 6))
2026-01-27T21:28:17.0651736Z   Downloading lightgbm-4.6.0-py3-none-manylinux_2_28_x86_64.whl.metadata (17 kB)
2026-01-27T21:28:17.1868233Z Collecting scikit-learn>=1.3.0 (from -r requirements.txt (line 7))
2026-01-27T21:28:17.1999463Z   Downloading scikit_learn-1.7.2-cp310-cp310-manylinux2014_x86_64.manylinux_2_17_x86_64.whl.metadata (11 kB)
2026-01-27T21:28:17.2422171Z Collecting flask>=3.0.0 (from -r requirements.txt (line 8))
2026-01-27T21:28:17.2543914Z   Downloading flask-3.1.2-py3-none-any.whl.metadata (3.2 kB)
2026-01-27T21:28:17.2996198Z Collecting tqdm>=4.65.0 (from -r requirements.txt (line 9))
2026-01-27T21:28:17.3117082Z   Downloading tqdm-4.67.1-py3-none-any.whl.metadata (57 kB)
2026-01-27T21:28:17.3954235Z Collecting torch>=2.0.0 (from -r requirements.txt (line 10))
2026-01-27T21:28:17.4020803Z   Downloading torch-2.10.0-cp310-cp310-manylinux_2_28_x86_64.whl.metadata (31 kB)
2026-01-27T21:28:17.5262157Z Collecting catboost>=1.2.0 (from -r requirements.txt (line 11))
2026-01-27T21:28:17.5404583Z   Downloading catboost-1.2.8-cp310-cp310-manylinux2014_x86_64.whl.metadata (1.2 kB)
2026-01-27T21:28:17.5890184Z Collecting pytest>=7.0.0 (from -r requirements.txt (line 12))
2026-01-27T21:28:17.6013126Z   Downloading pytest-9.0.2-py3-none-any.whl.metadata (7.6 kB)
2026-01-27T21:28:17.6361326Z Collecting python-dateutil>=2.8.2 (from pandas>=2.0.0->-r requirements.txt (line 1))
2026-01-27T21:28:17.6481624Z   Downloading python_dateutil-2.9.0.post0-py2.py3-none-any.whl.metadata (8.4 kB)
2026-01-27T21:28:17.7228774Z Collecting pytz>=2020.1 (from pandas>=2.0.0->-r requirements.txt (line 1))
2026-01-27T21:28:17.7351514Z   Downloading pytz-2025.2-py2.py3-none-any.whl.metadata (22 kB)
2026-01-27T21:28:17.7616236Z Collecting tzdata>=2022.7 (from pandas>=2.0.0->-r requirements.txt (line 1))
2026-01-27T21:28:17.7737833Z   Downloading tzdata-2025.3-py2.py3-none-any.whl.metadata (1.4 kB)
2026-01-27T21:28:17.8922272Z Collecting charset_normalizer<4,>=2 (from requests>=2.28.0->-r requirements.txt (line 3))
2026-01-27T21:28:17.9046260Z   Downloading charset_normalizer-3.4.4-cp310-cp310-manylinux2014_x86_64.manylinux_2_17_x86_64.manylinux_2_28_x86_64.whl.metadata (37 kB)
2026-01-27T21:28:17.9322222Z Collecting idna<4,>=2.5 (from requests>=2.28.0->-r requirements.txt (line 3))
2026-01-27T21:28:17.9443648Z   Downloading idna-3.11-py3-none-any.whl.metadata (8.4 kB)
2026-01-27T21:28:17.9868872Z Collecting urllib3<3,>=1.21.1 (from requests>=2.28.0->-r requirements.txt (line 3))
2026-01-27T21:28:17.9990376Z   Downloading urllib3-2.6.3-py3-none-any.whl.metadata (6.9 kB)
2026-01-27T21:28:18.0313334Z Collecting certifi>=2017.4.17 (from requests>=2.28.0->-r requirements.txt (line 3))
2026-01-27T21:28:18.0434216Z   Downloading certifi-2026.1.4-py3-none-any.whl.metadata (2.5 kB)
2026-01-27T21:28:18.0726546Z Collecting soupsieve>=1.6.1 (from beautifulsoup4>=4.12.0->-r requirements.txt (line 4))
2026-01-27T21:28:18.0847509Z   Downloading soupsieve-2.8.3-py3-none-any.whl.metadata (4.6 kB)
2026-01-27T21:28:18.1128484Z Collecting typing-extensions>=4.0.0 (from beautifulsoup4>=4.12.0->-r requirements.txt (line 4))
2026-01-27T21:28:18.1251419Z   Downloading typing_extensions-4.15.0-py3-none-any.whl.metadata (3.3 kB)
2026-01-27T21:28:18.3068672Z Collecting scipy (from lightgbm>=4.0.0->-r requirements.txt (line 6))
2026-01-27T21:28:18.3191996Z   Downloading scipy-1.15.3-cp310-cp310-manylinux_2_17_x86_64.manylinux2014_x86_64.whl.metadata (61 kB)
2026-01-27T21:28:18.3795017Z Collecting joblib>=1.2.0 (from scikit-learn>=1.3.0->-r requirements.txt (line 7))
2026-01-27T21:28:18.3916560Z   Downloading joblib-1.5.3-py3-none-any.whl.metadata (5.5 kB)
2026-01-27T21:28:18.4105777Z Collecting threadpoolctl>=3.1.0 (from scikit-learn>=1.3.0->-r requirements.txt (line 7))
2026-01-27T21:28:18.4227920Z   Downloading threadpoolctl-3.6.0-py3-none-any.whl.metadata (13 kB)
2026-01-27T21:28:18.4444877Z Collecting blinker>=1.9.0 (from flask>=3.0.0->-r requirements.txt (line 8))
2026-01-27T21:28:18.4567199Z   Downloading blinker-1.9.0-py3-none-any.whl.metadata (1.6 kB)
2026-01-27T21:28:18.4838308Z Collecting click>=8.1.3 (from flask>=3.0.0->-r requirements.txt (line 8))
2026-01-27T21:28:18.4959655Z   Downloading click-8.3.1-py3-none-any.whl.metadata (2.6 kB)
2026-01-27T21:28:18.5155297Z Collecting itsdangerous>=2.2.0 (from flask>=3.0.0->-r requirements.txt (line 8))
2026-01-27T21:28:18.5274364Z   Downloading itsdangerous-2.2.0-py3-none-any.whl.metadata (1.9 kB)
2026-01-27T21:28:18.5512105Z Collecting jinja2>=3.1.2 (from flask>=3.0.0->-r requirements.txt (line 8))
2026-01-27T21:28:18.5634135Z   Downloading jinja2-3.1.6-py3-none-any.whl.metadata (2.9 kB)
2026-01-27T21:28:18.6364010Z Collecting markupsafe>=2.1.1 (from flask>=3.0.0->-r requirements.txt (line 8))
2026-01-27T21:28:18.6487848Z   Downloading markupsafe-3.0.3-cp310-cp310-manylinux2014_x86_64.manylinux_2_17_x86_64.manylinux_2_28_x86_64.whl.metadata (2.7 kB)
2026-01-27T21:28:18.6804526Z Collecting werkzeug>=3.1.0 (from flask>=3.0.0->-r requirements.txt (line 8))
2026-01-27T21:28:18.6925894Z   Downloading werkzeug-3.1.5-py3-none-any.whl.metadata (4.0 kB)
2026-01-27T21:28:18.7250066Z Collecting filelock (from torch>=2.0.0->-r requirements.txt (line 10))
2026-01-27T21:28:18.7372532Z   Downloading filelock-3.20.3-py3-none-any.whl.metadata (2.1 kB)
2026-01-27T21:28:18.7679811Z Collecting sympy>=1.13.3 (from torch>=2.0.0->-r requirements.txt (line 10))
2026-01-27T21:28:18.7798795Z   Downloading sympy-1.14.0-py3-none-any.whl.metadata (12 kB)
2026-01-27T21:28:18.8184076Z Collecting networkx>=2.5.1 (from torch>=2.0.0->-r requirements.txt (line 10))
2026-01-27T21:28:18.8309875Z   Downloading networkx-3.4.2-py3-none-any.whl.metadata (6.3 kB)
2026-01-27T21:28:18.8716316Z Collecting fsspec>=0.8.5 (from torch>=2.0.0->-r requirements.txt (line 10))
2026-01-27T21:28:18.9172050Z   Downloading fsspec-2026.1.0-py3-none-any.whl.metadata (10 kB)
2026-01-27T21:28:18.9890270Z Collecting cuda-bindings==12.9.4 (from torch>=2.0.0->-r requirements.txt (line 10))
2026-01-27T21:28:19.0016196Z   Downloading cuda_bindings-12.9.4-cp310-cp310-manylinux_2_24_x86_64.manylinux_2_28_x86_64.whl.metadata (2.6 kB)
2026-01-27T21:28:19.0244987Z Collecting nvidia-cuda-nvrtc-cu12==12.8.93 (from torch>=2.0.0->-r requirements.txt (line 10))
2026-01-27T21:28:19.0390548Z   Downloading nvidia_cuda_nvrtc_cu12-12.8.93-py3-none-manylinux2010_x86_64.manylinux_2_12_x86_64.whl.metadata (1.7 kB)
2026-01-27T21:28:19.0605692Z Collecting nvidia-cuda-runtime-cu12==12.8.90 (from torch>=2.0.0->-r requirements.txt (line 10))
2026-01-27T21:28:19.0729921Z   Downloading nvidia_cuda_runtime_cu12-12.8.90-py3-none-manylinux2014_x86_64.manylinux_2_17_x86_64.whl.metadata (1.7 kB)
2026-01-27T21:28:19.0939449Z Collecting nvidia-cuda-cupti-cu12==12.8.90 (from torch>=2.0.0->-r requirements.txt (line 10))
2026-01-27T21:28:19.1066216Z   Downloading nvidia_cuda_cupti_cu12-12.8.90-py3-none-manylinux2014_x86_64.manylinux_2_17_x86_64.whl.metadata (1.7 kB)
2026-01-27T21:28:19.1328067Z Collecting nvidia-cudnn-cu12==9.10.2.21 (from torch>=2.0.0->-r requirements.txt (line 10))
2026-01-27T21:28:19.1453697Z   Downloading nvidia_cudnn_cu12-9.10.2.21-py3-none-manylinux_2_27_x86_64.whl.metadata (1.8 kB)
2026-01-27T21:28:19.1665422Z Collecting nvidia-cublas-cu12==12.8.4.1 (from torch>=2.0.0->-r requirements.txt (line 10))
2026-01-27T21:28:19.1790955Z   Downloading nvidia_cublas_cu12-12.8.4.1-py3-none-manylinux_2_27_x86_64.whl.metadata (1.7 kB)
2026-01-27T21:28:19.2013189Z Collecting nvidia-cufft-cu12==11.3.3.83 (from torch>=2.0.0->-r requirements.txt (line 10))
2026-01-27T21:28:19.2144895Z   Downloading nvidia_cufft_cu12-11.3.3.83-py3-none-manylinux2014_x86_64.manylinux_2_17_x86_64.whl.metadata (1.7 kB)
2026-01-27T21:28:19.2363295Z Collecting nvidia-curand-cu12==10.3.9.90 (from torch>=2.0.0->-r requirements.txt (line 10))
2026-01-27T21:28:19.2489161Z   Downloading nvidia_curand_cu12-10.3.9.90-py3-none-manylinux_2_27_x86_64.whl.metadata (1.7 kB)
2026-01-27T21:28:19.2701854Z Collecting nvidia-cusolver-cu12==11.7.3.90 (from torch>=2.0.0->-r requirements.txt (line 10))
2026-01-27T21:28:19.2826095Z   Downloading nvidia_cusolver_cu12-11.7.3.90-py3-none-manylinux_2_27_x86_64.whl.metadata (1.8 kB)
2026-01-27T21:28:19.3053495Z Collecting nvidia-cusparse-cu12==12.5.8.93 (from torch>=2.0.0->-r requirements.txt (line 10))
2026-01-27T21:28:19.3199322Z   Downloading nvidia_cusparse_cu12-12.5.8.93-py3-none-manylinux2014_x86_64.manylinux_2_17_x86_64.whl.metadata (1.8 kB)
2026-01-27T21:28:19.3383241Z Collecting nvidia-cusparselt-cu12==0.7.1 (from torch>=2.0.0->-r requirements.txt (line 10))
2026-01-27T21:28:19.3508669Z   Downloading nvidia_cusparselt_cu12-0.7.1-py3-none-manylinux2014_x86_64.whl.metadata (7.0 kB)
2026-01-27T21:28:19.3711798Z Collecting nvidia-nccl-cu12==2.27.5 (from torch>=2.0.0->-r requirements.txt (line 10))
2026-01-27T21:28:19.3853741Z   Downloading nvidia_nccl_cu12-2.27.5-py3-none-manylinux2014_x86_64.manylinux_2_17_x86_64.whl.metadata (2.0 kB)
2026-01-27T21:28:19.4037653Z Collecting nvidia-nvshmem-cu12==3.4.5 (from torch>=2.0.0->-r requirements.txt (line 10))
2026-01-27T21:28:19.4162997Z   Downloading nvidia_nvshmem_cu12-3.4.5-py3-none-manylinux2014_x86_64.manylinux_2_17_x86_64.whl.metadata (2.1 kB)
2026-01-27T21:28:19.4381624Z Collecting nvidia-nvtx-cu12==12.8.90 (from torch>=2.0.0->-r requirements.txt (line 10))
2026-01-27T21:28:19.4528832Z   Downloading nvidia_nvtx_cu12-12.8.90-py3-none-manylinux2014_x86_64.manylinux_2_17_x86_64.whl.metadata (1.8 kB)
2026-01-27T21:28:19.4744088Z Collecting nvidia-nvjitlink-cu12==12.8.93 (from torch>=2.0.0->-r requirements.txt (line 10))
2026-01-27T21:28:19.4875277Z   Downloading nvidia_nvjitlink_cu12-12.8.93-py3-none-manylinux2010_x86_64.manylinux_2_12_x86_64.whl.metadata (1.7 kB)
2026-01-27T21:28:19.5050418Z Collecting nvidia-cufile-cu12==1.13.1.3 (from torch>=2.0.0->-r requirements.txt (line 10))
2026-01-27T21:28:19.5176485Z   Downloading nvidia_cufile_cu12-1.13.1.3-py3-none-manylinux2014_x86_64.manylinux_2_17_x86_64.whl.metadata (1.7 kB)
2026-01-27T21:28:19.5451188Z Collecting triton==3.6.0 (from torch>=2.0.0->-r requirements.txt (line 10))
2026-01-27T21:28:19.5576930Z   Downloading triton-3.6.0-cp310-cp310-manylinux_2_27_x86_64.manylinux_2_28_x86_64.whl.metadata (1.7 kB)
2026-01-27T21:28:19.5789888Z Collecting cuda-pathfinder~=1.1 (from cuda-bindings==12.9.4->torch>=2.0.0->-r requirements.txt (line 10))
2026-01-27T21:28:19.5919287Z   Downloading cuda_pathfinder-1.3.3-py3-none-any.whl.metadata (1.9 kB)
2026-01-27T21:28:19.6401829Z Collecting graphviz (from catboost>=1.2.0->-r requirements.txt (line 11))
2026-01-27T21:28:19.6527661Z   Downloading graphviz-0.21-py3-none-any.whl.metadata (12 kB)
2026-01-27T21:28:19.8312287Z Collecting matplotlib (from catboost>=1.2.0->-r requirements.txt (line 11))
2026-01-27T21:28:19.8439029Z   Downloading matplotlib-3.10.8-cp310-cp310-manylinux2014_x86_64.manylinux_2_17_x86_64.whl.metadata (52 kB)
2026-01-27T21:28:19.9249397Z Collecting plotly (from catboost>=1.2.0->-r requirements.txt (line 11))
2026-01-27T21:28:19.9384511Z   Downloading plotly-6.5.2-py3-none-any.whl.metadata (8.5 kB)
2026-01-27T21:28:19.9672047Z Collecting six (from catboost>=1.2.0->-r requirements.txt (line 11))
2026-01-27T21:28:19.9792063Z   Downloading six-1.17.0-py2.py3-none-any.whl.metadata (1.7 kB)
2026-01-27T21:28:20.0018950Z Collecting exceptiongroup>=1 (from pytest>=7.0.0->-r requirements.txt (line 12))
2026-01-27T21:28:20.0138096Z   Downloading exceptiongroup-1.3.1-py3-none-any.whl.metadata (6.7 kB)
2026-01-27T21:28:20.0324817Z Collecting iniconfig>=1.0.1 (from pytest>=7.0.0->-r requirements.txt (line 12))
2026-01-27T21:28:20.0447846Z   Downloading iniconfig-2.3.0-py3-none-any.whl.metadata (2.5 kB)
2026-01-27T21:28:20.0703705Z Collecting packaging>=22 (from pytest>=7.0.0->-r requirements.txt (line 12))
2026-01-27T21:28:20.0823670Z   Downloading packaging-26.0-py3-none-any.whl.metadata (3.3 kB)
2026-01-27T21:28:20.1039958Z Collecting pluggy<2,>=1.5 (from pytest>=7.0.0->-r requirements.txt (line 12))
2026-01-27T21:28:20.1161294Z   Downloading pluggy-1.6.0-py3-none-any.whl.metadata (4.8 kB)
2026-01-27T21:28:20.1467201Z Collecting pygments>=2.7.2 (from pytest>=7.0.0->-r requirements.txt (line 12))
2026-01-27T21:28:20.1589254Z   Downloading pygments-2.19.2-py3-none-any.whl.metadata (2.5 kB)
2026-01-27T21:28:20.1899288Z Collecting tomli>=1 (from pytest>=7.0.0->-r requirements.txt (line 12))
2026-01-27T21:28:20.2022156Z   Downloading tomli-2.4.0-py3-none-any.whl.metadata (10 kB)
2026-01-27T21:28:20.2779621Z Collecting mpmath<1.4,>=1.1.0 (from sympy>=1.13.3->torch>=2.0.0->-r requirements.txt (line 10))
2026-01-27T21:28:20.2899105Z   Downloading mpmath-1.3.0-py3-none-any.whl.metadata (8.6 kB)
2026-01-27T21:28:20.3946158Z Collecting contourpy>=1.0.1 (from matplotlib->catboost>=1.2.0->-r requirements.txt (line 11))
2026-01-27T21:28:20.4068379Z   Downloading contourpy-1.3.2-cp310-cp310-manylinux_2_17_x86_64.manylinux2014_x86_64.whl.metadata (5.5 kB)
2026-01-27T21:28:20.4280468Z Collecting cycler>=0.10 (from matplotlib->catboost>=1.2.0->-r requirements.txt (line 11))
2026-01-27T21:28:20.4400155Z   Downloading cycler-0.12.1-py3-none-any.whl.metadata (3.8 kB)
2026-01-27T21:28:20.6908630Z Collecting fonttools>=4.22.0 (from matplotlib->catboost>=1.2.0->-r requirements.txt (line 11))
2026-01-27T21:28:20.7035145Z   Downloading fonttools-4.61.1-cp310-cp310-manylinux2014_x86_64.manylinux_2_17_x86_64.whl.metadata (114 kB)
2026-01-27T21:28:20.8090525Z Collecting kiwisolver>=1.3.1 (from matplotlib->catboost>=1.2.0->-r requirements.txt (line 11))
2026-01-27T21:28:20.8215275Z   Downloading kiwisolver-1.4.9-cp310-cp310-manylinux_2_12_x86_64.manylinux2010_x86_64.whl.metadata (6.3 kB)
2026-01-27T21:28:21.0634676Z Collecting pillow>=8 (from matplotlib->catboost>=1.2.0->-r requirements.txt (line 11))
2026-01-27T21:28:21.0758461Z   Downloading pillow-12.1.0-cp310-cp310-manylinux_2_27_x86_64.manylinux_2_28_x86_64.whl.metadata (8.8 kB)
2026-01-27T21:28:21.1177186Z Collecting pyparsing>=3 (from matplotlib->catboost>=1.2.0->-r requirements.txt (line 11))
2026-01-27T21:28:21.1299818Z   Downloading pyparsing-3.3.2-py3-none-any.whl.metadata (5.8 kB)
2026-01-27T21:28:21.2063479Z Collecting narwhals>=1.15.1 (from plotly->catboost>=1.2.0->-r requirements.txt (line 11))
2026-01-27T21:28:21.2184705Z   Downloading narwhals-2.15.0-py3-none-any.whl.metadata (13 kB)
2026-01-27T21:28:21.2992539Z Downloading pandas-2.3.3-cp310-cp310-manylinux_2_24_x86_64.manylinux_2_28_x86_64.whl (12.8 MB)
2026-01-27T21:28:21.8137941Z    ━━━━━━━━━━━━━━━━━━━━━━━━━━━━━━━━━━━━━━━━ 12.8/12.8 MB 26.0 MB/s  0:00:00
2026-01-27T21:28:21.8260220Z Downloading numpy-2.2.6-cp310-cp310-manylinux_2_17_x86_64.manylinux2014_x86_64.whl (16.8 MB)
2026-01-27T21:28:22.0211244Z    ━━━━━━━━━━━━━━━━━━━━━━━━━━━━━━━━━━━━━━━━ 16.8/16.8 MB 86.8 MB/s  0:00:00
2026-01-27T21:28:22.0337570Z Downloading requests-2.32.5-py3-none-any.whl (64 kB)
2026-01-27T21:28:22.0481384Z Downloading charset_normalizer-3.4.4-cp310-cp310-manylinux2014_x86_64.manylinux_2_17_x86_64.manylinux_2_28_x86_64.whl (153 kB)
2026-01-27T21:28:22.0627382Z Downloading idna-3.11-py3-none-any.whl (71 kB)
2026-01-27T21:28:22.0769772Z Downloading urllib3-2.6.3-py3-none-any.whl (131 kB)
2026-01-27T21:28:22.0915105Z Downloading beautifulsoup4-4.14.3-py3-none-any.whl (107 kB)
2026-01-27T21:28:22.1057636Z Downloading lxml-6.0.2-cp310-cp310-manylinux_2_26_x86_64.manylinux_2_28_x86_64.whl (5.3 MB)
2026-01-27T21:28:22.1505790Z    ━━━━━━━━━━━━━━━━━━━━━━━━━━━━━━━━━━━━━━━━ 5.3/5.3 MB 119.3 MB/s  0:00:00
2026-01-27T21:28:22.1631758Z Downloading lightgbm-4.6.0-py3-none-manylinux_2_28_x86_64.whl (3.6 MB)
2026-01-27T21:28:22.1901257Z    ━━━━━━━━━━━━━━━━━━━━━━━━━━━━━━━━━━━━━━━━ 3.6/3.6 MB 137.1 MB/s  0:00:00
2026-01-27T21:28:22.2041261Z Downloading scikit_learn-1.7.2-cp310-cp310-manylinux2014_x86_64.manylinux_2_17_x86_64.whl (9.7 MB)
2026-01-27T21:28:22.2674203Z    ━━━━━━━━━━━━━━━━━━━━━━━━━━━━━━━━━━━━━━━━ 9.7/9.7 MB 154.9 MB/s  0:00:00
2026-01-27T21:28:22.2794625Z Downloading flask-3.1.2-py3-none-any.whl (103 kB)
2026-01-27T21:28:22.2940415Z Downloading tqdm-4.67.1-py3-none-any.whl (78 kB)
2026-01-27T21:28:22.3101745Z Downloading torch-2.10.0-cp310-cp310-manylinux_2_28_x86_64.whl (915.6 MB)
2026-01-27T21:28:28.7712726Z    ━━━━━━━━━━━━━━━━━━━━━━━━━━━━━━━━━━━━━━━━ 915.6/915.6 MB 56.8 MB/s  0:00:06
2026-01-27T21:28:28.7870949Z Downloading cuda_bindings-12.9.4-cp310-cp310-manylinux_2_24_x86_64.manylinux_2_28_x86_64.whl (12.1 MB)
2026-01-27T21:28:28.8417661Z    ━━━━━━━━━━━━━━━━━━━━━━━━━━━━━━━━━━━━━━━━ 12.1/12.1 MB 228.2 MB/s  0:00:00
2026-01-27T21:28:28.8539313Z Downloading nvidia_cublas_cu12-12.8.4.1-py3-none-manylinux_2_27_x86_64.whl (594.3 MB)
2026-01-27T21:28:33.2068972Z    ━━━━━━━━━━━━━━━━━━━━━━━━━━━━━━━━━━━━━━━━ 594.3/594.3 MB 76.5 MB/s  0:00:04
2026-01-27T21:28:33.2196463Z Downloading nvidia_cuda_cupti_cu12-12.8.90-py3-none-manylinux2014_x86_64.manylinux_2_17_x86_64.whl (10.2 MB)
2026-01-27T21:28:33.2651298Z    ━━━━━━━━━━━━━━━━━━━━━━━━━━━━━━━━━━━━━━━━ 10.2/10.2 MB 232.7 MB/s  0:00:00
2026-01-27T21:28:33.2774459Z Downloading nvidia_cuda_nvrtc_cu12-12.8.93-py3-none-manylinux2010_x86_64.manylinux_2_12_x86_64.whl (88.0 MB)
2026-01-27T21:28:33.6273960Z    ━━━━━━━━━━━━━━━━━━━━━━━━━━━━━━━━━━━━━━━━ 88.0/88.0 MB 252.8 MB/s  0:00:00
2026-01-27T21:28:33.6401598Z Downloading nvidia_cuda_runtime_cu12-12.8.90-py3-none-manylinux2014_x86_64.manylinux_2_17_x86_64.whl (954 kB)
2026-01-27T21:28:33.6482378Z    ━━━━━━━━━━━━━━━━━━━━━━━━━━━━━━━━━━━━━━━━ 954.8/954.8 kB 134.2 MB/s  0:00:00
2026-01-27T21:28:33.6603288Z Downloading nvidia_cudnn_cu12-9.10.2.21-py3-none-manylinux_2_27_x86_64.whl (706.8 MB)
2026-01-27T21:28:39.3879469Z    ━━━━━━━━━━━━━━━━━━━━━━━━━━━━━━━━━━━━━━━━ 706.8/706.8 MB 58.7 MB/s  0:00:05
2026-01-27T21:28:39.4006718Z Downloading nvidia_cufft_cu12-11.3.3.83-py3-none-manylinux2014_x86_64.manylinux_2_17_x86_64.whl (193.1 MB)
2026-01-27T21:28:40.3157691Z    ━━━━━━━━━━━━━━━━━━━━━━━━━━━━━━━━━━━━━━━━ 193.1/193.1 MB 211.4 MB/s  0:00:00
2026-01-27T21:28:40.3284271Z Downloading nvidia_cufile_cu12-1.13.1.3-py3-none-manylinux2014_x86_64.manylinux_2_17_x86_64.whl (1.2 MB)
2026-01-27T21:28:40.3394366Z    ━━━━━━━━━━━━━━━━━━━━━━━━━━━━━━━━━━━━━━━━ 1.2/1.2 MB 116.8 MB/s  0:00:00
2026-01-27T21:28:40.3516137Z Downloading nvidia_curand_cu12-10.3.9.90-py3-none-manylinux_2_27_x86_64.whl (63.6 MB)
2026-01-27T21:28:40.6022760Z    ━━━━━━━━━━━━━━━━━━━━━━━━━━━━━━━━━━━━━━━━ 63.6/63.6 MB 255.7 MB/s  0:00:00
2026-01-27T21:28:40.6146647Z Downloading nvidia_cusolver_cu12-11.7.3.90-py3-none-manylinux_2_27_x86_64.whl (267.5 MB)
2026-01-27T21:28:42.6355006Z    ━━━━━━━━━━━━━━━━━━━━━━━━━━━━━━━━━━━━━━━━ 267.5/267.5 MB 130.7 MB/s  0:00:02
2026-01-27T21:28:42.6480718Z Downloading nvidia_cusparse_cu12-12.5.8.93-py3-none-manylinux2014_x86_64.manylinux_2_17_x86_64.whl (288.2 MB)
2026-01-27T21:28:45.0574194Z    ━━━━━━━━━━━━━━━━━━━━━━━━━━━━━━━━━━━━━━━━ 288.2/288.2 MB 112.2 MB/s  0:00:02
2026-01-27T21:28:45.0700959Z Downloading nvidia_cusparselt_cu12-0.7.1-py3-none-manylinux2014_x86_64.whl (287.2 MB)
2026-01-27T21:28:46.5491787Z    ━━━━━━━━━━━━━━━━━━━━━━━━━━━━━━━━━━━━━━━━ 287.2/287.2 MB 186.6 MB/s  0:00:01
2026-01-27T21:28:46.5620665Z Downloading nvidia_nccl_cu12-2.27.5-py3-none-manylinux2014_x86_64.manylinux_2_17_x86_64.whl (322.3 MB)
2026-01-27T21:28:49.1575405Z    ━━━━━━━━━━━━━━━━━━━━━━━━━━━━━━━━━━━━━━━━ 322.3/322.3 MB 108.4 MB/s  0:00:02
2026-01-27T21:28:49.1700024Z Downloading nvidia_nvjitlink_cu12-12.8.93-py3-none-manylinux2010_x86_64.manylinux_2_12_x86_64.whl (39.3 MB)
2026-01-27T21:28:49.3506193Z    ━━━━━━━━━━━━━━━━━━━━━━━━━━━━━━━━━━━━━━━━ 39.3/39.3 MB 220.0 MB/s  0:00:00
2026-01-27T21:28:49.3632947Z Downloading nvidia_nvshmem_cu12-3.4.5-py3-none-manylinux2014_x86_64.manylinux_2_17_x86_64.whl (139.1 MB)
2026-01-27T21:28:49.9202043Z    ━━━━━━━━━━━━━━━━━━━━━━━━━━━━━━━━━━━━━━━━ 139.1/139.1 MB 250.5 MB/s  0:00:00
2026-01-27T21:28:49.9337692Z Downloading nvidia_nvtx_cu12-12.8.90-py3-none-manylinux2014_x86_64.manylinux_2_17_x86_64.whl (89 kB)
2026-01-27T21:28:49.9486013Z Downloading triton-3.6.0-cp310-cp310-manylinux_2_27_x86_64.manylinux_2_28_x86_64.whl (188.1 MB)
2026-01-27T21:28:50.8709033Z    ━━━━━━━━━━━━━━━━━━━━━━━━━━━━━━━━━━━━━━━━ 188.1/188.1 MB 204.3 MB/s  0:00:00
2026-01-27T21:28:50.8834554Z Downloading cuda_pathfinder-1.3.3-py3-none-any.whl (27 kB)
2026-01-27T21:28:50.8982774Z Downloading catboost-1.2.8-cp310-cp310-manylinux2014_x86_64.whl (99.2 MB)
2026-01-27T21:28:51.3032334Z    ━━━━━━━━━━━━━━━━━━━━━━━━━━━━━━━━━━━━━━━━ 99.2/99.2 MB 246.4 MB/s  0:00:00
2026-01-27T21:28:51.3161451Z Downloading pytest-9.0.2-py3-none-any.whl (374 kB)
2026-01-27T21:28:51.3317463Z Downloading pluggy-1.6.0-py3-none-any.whl (20 kB)
2026-01-27T21:28:51.3458527Z Downloading blinker-1.9.0-py3-none-any.whl (8.5 kB)
2026-01-27T21:28:51.3599824Z Downloading certifi-2026.1.4-py3-none-any.whl (152 kB)
2026-01-27T21:28:51.3743166Z Downloading click-8.3.1-py3-none-any.whl (108 kB)
2026-01-27T21:28:51.3893837Z Downloading exceptiongroup-1.3.1-py3-none-any.whl (16 kB)
2026-01-27T21:28:51.4033520Z Downloading fsspec-2026.1.0-py3-none-any.whl (201 kB)
2026-01-27T21:28:51.4182762Z Downloading iniconfig-2.3.0-py3-none-any.whl (7.5 kB)
2026-01-27T21:28:51.4327963Z Downloading itsdangerous-2.2.0-py3-none-any.whl (16 kB)
2026-01-27T21:28:51.4467055Z Downloading jinja2-3.1.6-py3-none-any.whl (134 kB)
2026-01-27T21:28:51.4610684Z Downloading joblib-1.5.3-py3-none-any.whl (309 kB)
2026-01-27T21:28:51.4766408Z Downloading markupsafe-3.0.3-cp310-cp310-manylinux2014_x86_64.manylinux_2_17_x86_64.manylinux_2_28_x86_64.whl (20 kB)
2026-01-27T21:28:51.4907742Z Downloading networkx-3.4.2-py3-none-any.whl (1.7 MB)
2026-01-27T21:28:51.5025727Z    ━━━━━━━━━━━━━━━━━━━━━━━━━━━━━━━━━━━━━━━━ 1.7/1.7 MB 166.2 MB/s  0:00:00
2026-01-27T21:28:51.5145470Z Downloading packaging-26.0-py3-none-any.whl (74 kB)
2026-01-27T21:28:51.5289066Z Downloading pygments-2.19.2-py3-none-any.whl (1.2 MB)
2026-01-27T21:28:51.5383313Z    ━━━━━━━━━━━━━━━━━━━━━━━━━━━━━━━━━━━━━━━━ 1.2/1.2 MB 144.0 MB/s  0:00:00
2026-01-27T21:28:51.5504151Z Downloading python_dateutil-2.9.0.post0-py2.py3-none-any.whl (229 kB)
2026-01-27T21:28:51.5653988Z Downloading pytz-2025.2-py2.py3-none-any.whl (509 kB)
2026-01-27T21:28:51.5822663Z Downloading scipy-1.15.3-cp310-cp310-manylinux_2_17_x86_64.manylinux2014_x86_64.whl (37.7 MB)
2026-01-27T21:28:51.7414703Z    ━━━━━━━━━━━━━━━━━━━━━━━━━━━━━━━━━━━━━━━━ 37.7/37.7 MB 239.3 MB/s  0:00:00
2026-01-27T21:28:51.7537399Z Downloading six-1.17.0-py2.py3-none-any.whl (11 kB)
2026-01-27T21:28:51.7678606Z Downloading soupsieve-2.8.3-py3-none-any.whl (37 kB)
2026-01-27T21:28:51.7818161Z Downloading sympy-1.14.0-py3-none-any.whl (6.3 MB)
2026-01-27T21:28:51.8120967Z    ━━━━━━━━━━━━━━━━━━━━━━━━━━━━━━━━━━━━━━━━ 6.3/6.3 MB 218.4 MB/s  0:00:00
2026-01-27T21:28:51.8243358Z Downloading mpmath-1.3.0-py3-none-any.whl (536 kB)
2026-01-27T21:28:51.8301325Z    ━━━━━━━━━━━━━━━━━━━━━━━━━━━━━━━━━━━━━━━━ 536.2/536.2 kB 82.0 MB/s  0:00:00
2026-01-27T21:28:51.8422281Z Downloading threadpoolctl-3.6.0-py3-none-any.whl (18 kB)
2026-01-27T21:28:51.8560955Z Downloading tomli-2.4.0-py3-none-any.whl (14 kB)
2026-01-27T21:28:51.8703056Z Downloading typing_extensions-4.15.0-py3-none-any.whl (44 kB)
2026-01-27T21:28:51.8844985Z Downloading tzdata-2025.3-py2.py3-none-any.whl (348 kB)
2026-01-27T21:28:51.9000506Z Downloading werkzeug-3.1.5-py3-none-any.whl (225 kB)
2026-01-27T21:28:51.9147030Z Downloading filelock-3.20.3-py3-none-any.whl (16 kB)
2026-01-27T21:28:51.9285462Z Downloading graphviz-0.21-py3-none-any.whl (47 kB)
2026-01-27T21:28:51.9429368Z Downloading matplotlib-3.10.8-cp310-cp310-manylinux2014_x86_64.manylinux_2_17_x86_64.whl (8.7 MB)
2026-01-27T21:28:51.9836575Z    ━━━━━━━━━━━━━━━━━━━━━━━━━━━━━━━━━━━━━━━━ 8.7/8.7 MB 220.0 MB/s  0:00:00
2026-01-27T21:28:51.9957150Z Downloading contourpy-1.3.2-cp310-cp310-manylinux_2_17_x86_64.manylinux2014_x86_64.whl (325 kB)
2026-01-27T21:28:52.0111489Z Downloading cycler-0.12.1-py3-none-any.whl (8.3 kB)
2026-01-27T21:28:52.0252144Z Downloading fonttools-4.61.1-cp310-cp310-manylinux2014_x86_64.manylinux_2_17_x86_64.whl (4.9 MB)
2026-01-27T21:28:52.0501427Z    ━━━━━━━━━━━━━━━━━━━━━━━━━━━━━━━━━━━━━━━━ 4.9/4.9 MB 206.7 MB/s  0:00:00
2026-01-27T21:28:52.0649584Z Downloading kiwisolver-1.4.9-cp310-cp310-manylinux_2_12_x86_64.manylinux2010_x86_64.whl (1.6 MB)
2026-01-27T21:28:52.0759973Z    ━━━━━━━━━━━━━━━━━━━━━━━━━━━━━━━━━━━━━━━━ 1.6/1.6 MB 167.9 MB/s  0:00:00
2026-01-27T21:28:52.0882994Z Downloading pillow-12.1.0-cp310-cp310-manylinux_2_27_x86_64.manylinux_2_28_x86_64.whl (7.0 MB)
2026-01-27T21:28:52.1236018Z    ━━━━━━━━━━━━━━━━━━━━━━━━━━━━━━━━━━━━━━━━ 7.0/7.0 MB 208.6 MB/s  0:00:00
2026-01-27T21:28:52.1357067Z Downloading pyparsing-3.3.2-py3-none-any.whl (122 kB)
2026-01-27T21:28:52.1501946Z Downloading plotly-6.5.2-py3-none-any.whl (9.9 MB)
2026-01-27T21:28:52.1990357Z    ━━━━━━━━━━━━━━━━━━━━━━━━━━━━━━━━━━━━━━━━ 9.9/9.9 MB 209.3 MB/s  0:00:00
2026-01-27T21:28:52.2113167Z Downloading narwhals-2.15.0-py3-none-any.whl (432 kB)
2026-01-27T21:28:55.8239363Z Installing collected packages: pytz, nvidia-cusparselt-cu12, mpmath, urllib3, tzdata, typing-extensions, triton, tqdm, tomli, threadpoolctl, sympy, soupsieve, six, pyparsing, pygments, pluggy, pillow, packaging, nvidia-nvtx-cu12, nvidia-nvshmem-cu12, nvidia-nvjitlink-cu12, nvidia-nccl-cu12, nvidia-curand-cu12, nvidia-cufile-cu12, nvidia-cuda-runtime-cu12, nvidia-cuda-nvrtc-cu12, nvidia-cuda-cupti-cu12, nvidia-cublas-cu12, numpy, networkx, narwhals, markupsafe, lxml, kiwisolver, joblib, itsdangerous, iniconfig, idna, graphviz, fsspec, fonttools, filelock, cycler, cuda-pathfinder, click, charset_normalizer, certifi, blinker, werkzeug, scipy, requests, python-dateutil, plotly, nvidia-cusparse-cu12, nvidia-cufft-cu12, nvidia-cudnn-cu12, jinja2, exceptiongroup, cuda-bindings, contourpy, beautifulsoup4, scikit-learn, pytest, pandas, nvidia-cusolver-cu12, matplotlib, lightgbm, flask, torch, catboost
2026-01-27T21:30:06.5374250Z 
2026-01-27T21:30:06.5489069Z Successfully installed beautifulsoup4-4.14.3 blinker-1.9.0 catboost-1.2.8 certifi-2026.1.4 charset_normalizer-3.4.4 click-8.3.1 contourpy-1.3.2 cuda-bindings-12.9.4 cuda-pathfinder-1.3.3 cycler-0.12.1 exceptiongroup-1.3.1 filelock-3.20.3 flask-3.1.2 fonttools-4.61.1 fsspec-2026.1.0 graphviz-0.21 idna-3.11 iniconfig-2.3.0 itsdangerous-2.2.0 jinja2-3.1.6 joblib-1.5.3 kiwisolver-1.4.9 lightgbm-4.6.0 lxml-6.0.2 markupsafe-3.0.3 matplotlib-3.10.8 mpmath-1.3.0 narwhals-2.15.0 networkx-3.4.2 numpy-2.2.6 nvidia-cublas-cu12-12.8.4.1 nvidia-cuda-cupti-cu12-12.8.90 nvidia-cuda-nvrtc-cu12-12.8.93 nvidia-cuda-runtime-cu12-12.8.90 nvidia-cudnn-cu12-9.10.2.21 nvidia-cufft-cu12-11.3.3.83 nvidia-cufile-cu12-1.13.1.3 nvidia-curand-cu12-10.3.9.90 nvidia-cusolver-cu12-11.7.3.90 nvidia-cusparse-cu12-12.5.8.93 nvidia-cusparselt-cu12-0.7.1 nvidia-nccl-cu12-2.27.5 nvidia-nvjitlink-cu12-12.8.93 nvidia-nvshmem-cu12-3.4.5 nvidia-nvtx-cu12-12.8.90 packaging-26.0 pandas-2.3.3 pillow-12.1.0 plotly-6.5.2 pluggy-1.6.0 pygments-2.19.2 pyparsing-3.3.2 pytest-9.0.2 python-dateutil-2.9.0.post0 pytz-2025.2 requests-2.32.5 scikit-learn-1.7.2 scipy-1.15.3 six-1.17.0 soupsieve-2.8.3 sympy-1.14.0 threadpoolctl-3.6.0 tomli-2.4.0 torch-2.10.0 tqdm-4.67.1 triton-3.6.0 typing-extensions-4.15.0 tzdata-2025.3 urllib3-2.6.3 werkzeug-3.1.5
2026-01-27T21:30:07.8281763Z Collecting playwright
2026-01-27T21:30:07.9136040Z   Downloading playwright-1.57.0-py3-none-manylinux1_x86_64.whl.metadata (3.5 kB)
2026-01-27T21:30:08.4127279Z Collecting pyee<14,>=13 (from playwright)
2026-01-27T21:30:08.4229282Z   Downloading pyee-13.0.0-py3-none-any.whl.metadata (2.9 kB)
2026-01-27T21:30:08.6325715Z Collecting greenlet<4.0.0,>=3.1.1 (from playwright)
2026-01-27T21:30:08.6429843Z   Downloading greenlet-3.3.1-cp310-cp310-manylinux_2_24_x86_64.manylinux_2_28_x86_64.whl.metadata (3.7 kB)
2026-01-27T21:30:08.7746324Z Requirement already satisfied: typing-extensions in /opt/hostedtoolcache/Python/3.10.19/x64/lib/python3.10/site-packages (from pyee<14,>=13->playwright) (4.15.0)
2026-01-27T21:30:08.7853533Z Downloading playwright-1.57.0-py3-none-manylinux1_x86_64.whl (46.0 MB)
2026-01-27T21:30:09.4313132Z    ━━━━━━━━━━━━━━━━━━━━━━━━━━━━━━━━━━━━━━━━ 46.0/46.0 MB 75.2 MB/s  0:00:00
2026-01-27T21:30:09.4414918Z Downloading greenlet-3.3.1-cp310-cp310-manylinux_2_24_x86_64.manylinux_2_28_x86_64.whl (586 kB)
2026-01-27T21:30:09.4483238Z    ━━━━━━━━━━━━━━━━━━━━━━━━━━━━━━━━━━━━━━━━ 587.0/587.0 kB 93.9 MB/s  0:00:00
2026-01-27T21:30:09.4581418Z Downloading pyee-13.0.0-py3-none-any.whl (15 kB)
2026-01-27T21:30:09.6945116Z Installing collected packages: pyee, greenlet, playwright
2026-01-27T21:30:10.5115075Z 
2026-01-27T21:30:10.5221959Z Successfully installed greenlet-3.3.1 playwright-1.57.0 pyee-13.0.0
2026-01-27T21:30:10.5919265Z ##[group]Run python -m playwright install --with-deps chromium
2026-01-27T21:30:10.5919795Z [36;1mpython -m playwright install --with-deps chromium[0m
2026-01-27T21:30:10.6560972Z shell: /usr/bin/bash -e {0}
2026-01-27T21:30:10.6561467Z env:
2026-01-27T21:30:10.6561714Z   pythonLocation: /opt/hostedtoolcache/Python/3.10.19/x64
2026-01-27T21:30:10.6562146Z   PKG_CONFIG_PATH: /opt/hostedtoolcache/Python/3.10.19/x64/lib/pkgconfig
2026-01-27T21:30:10.6562551Z   Python_ROOT_DIR: /opt/hostedtoolcache/Python/3.10.19/x64
2026-01-27T21:30:10.6562906Z   Python2_ROOT_DIR: /opt/hostedtoolcache/Python/3.10.19/x64
2026-01-27T21:30:10.6563270Z   Python3_ROOT_DIR: /opt/hostedtoolcache/Python/3.10.19/x64
2026-01-27T21:30:10.6563645Z   LD_LIBRARY_PATH: /opt/hostedtoolcache/Python/3.10.19/x64/lib
2026-01-27T21:30:10.6563947Z ##[endgroup]
2026-01-27T21:30:10.9631490Z Installing dependencies...
2026-01-27T21:30:10.9708598Z Switching to root user to install dependencies...
2026-01-27T21:30:11.0589311Z Get:1 file:/etc/apt/apt-mirrors.txt Mirrorlist [144 B]
2026-01-27T21:30:11.0997352Z Hit:2 http://azure.archive.ubuntu.com/ubuntu noble InRelease
2026-01-27T21:30:11.1035926Z Get:3 http://azure.archive.ubuntu.com/ubuntu noble-updates InRelease [126 kB]
2026-01-27T21:30:11.1068307Z Get:4 http://azure.archive.ubuntu.com/ubuntu noble-backports InRelease [126 kB]
2026-01-27T21:30:11.1087592Z Get:5 http://azure.archive.ubuntu.com/ubuntu noble-security InRelease [126 kB]
2026-01-27T21:30:11.1247671Z Hit:6 https://packages.microsoft.com/repos/azure-cli noble InRelease
2026-01-27T21:30:11.1358477Z Get:7 https://packages.microsoft.com/ubuntu/24.04/prod noble InRelease [3600 B]
2026-01-27T21:30:11.2430127Z Get:8 http://azure.archive.ubuntu.com/ubuntu noble-updates/main amd64 Packages [1700 kB]
2026-01-27T21:30:11.2613632Z Get:9 http://azure.archive.ubuntu.com/ubuntu noble-updates/main Translation-en [314 kB]
2026-01-27T21:30:11.2639525Z Get:10 http://azure.archive.ubuntu.com/ubuntu noble-updates/main amd64 Components [175 kB]
2026-01-27T21:30:11.2660364Z Get:11 http://azure.archive.ubuntu.com/ubuntu noble-updates/main amd64 c-n-f Metadata [16.0 kB]
2026-01-27T21:30:11.2670553Z Get:12 http://azure.archive.ubuntu.com/ubuntu noble-updates/universe amd64 Packages [1519 kB]
2026-01-27T21:30:11.2749672Z Get:13 http://azure.archive.ubuntu.com/ubuntu noble-updates/universe Translation-en [310 kB]
2026-01-27T21:30:11.2778555Z Get:14 http://azure.archive.ubuntu.com/ubuntu noble-updates/universe amd64 Components [386 kB]
2026-01-27T21:30:11.2813197Z Get:15 http://azure.archive.ubuntu.com/ubuntu noble-updates/universe amd64 c-n-f Metadata [31.6 kB]
2026-01-27T21:30:11.2824616Z Get:16 http://azure.archive.ubuntu.com/ubuntu noble-updates/restricted amd64 Packages [2506 kB]
2026-01-27T21:30:11.2948493Z Get:17 http://azure.archive.ubuntu.com/ubuntu noble-updates/restricted Translation-en [573 kB]
2026-01-27T21:30:11.3447571Z Get:18 http://azure.archive.ubuntu.com/ubuntu noble-updates/restricted amd64 Components [212 B]
2026-01-27T21:30:11.3498862Z Get:19 http://azure.archive.ubuntu.com/ubuntu noble-updates/restricted amd64 c-n-f Metadata [556 B]
2026-01-27T21:30:11.3502155Z Get:20 http://azure.archive.ubuntu.com/ubuntu noble-updates/multiverse amd64 Packages [31.8 kB]
2026-01-27T21:30:11.3503363Z Get:21 http://azure.archive.ubuntu.com/ubuntu noble-updates/multiverse Translation-en [6348 B]
2026-01-27T21:30:11.3504924Z Get:22 http://azure.archive.ubuntu.com/ubuntu noble-updates/multiverse amd64 Components [940 B]
2026-01-27T21:30:11.3507915Z Get:23 http://azure.archive.ubuntu.com/ubuntu noble-updates/multiverse amd64 c-n-f Metadata [496 B]
2026-01-27T21:30:11.3509057Z Get:24 http://azure.archive.ubuntu.com/ubuntu noble-backports/main amd64 Components [7312 B]
2026-01-27T21:30:11.3510154Z Get:25 http://azure.archive.ubuntu.com/ubuntu noble-backports/universe amd64 Components [10.5 kB]
2026-01-27T21:30:11.3514533Z Get:26 http://azure.archive.ubuntu.com/ubuntu noble-backports/restricted amd64 Components [212 B]
2026-01-27T21:30:11.3525645Z Get:27 http://azure.archive.ubuntu.com/ubuntu noble-backports/multiverse amd64 Components [212 B]
2026-01-27T21:30:11.3535757Z Get:28 http://azure.archive.ubuntu.com/ubuntu noble-security/main amd64 Packages [1410 kB]
2026-01-27T21:30:11.3619793Z Get:29 http://azure.archive.ubuntu.com/ubuntu noble-security/main Translation-en [229 kB]
2026-01-27T21:30:11.3640920Z Get:30 http://azure.archive.ubuntu.com/ubuntu noble-security/main amd64 Components [21.5 kB]
2026-01-27T21:30:11.3653752Z Get:31 http://azure.archive.ubuntu.com/ubuntu noble-security/main amd64 c-n-f Metadata [9820 B]
2026-01-27T21:30:11.4087501Z Get:32 http://azure.archive.ubuntu.com/ubuntu noble-security/universe amd64 Packages [924 kB]
2026-01-27T21:30:11.4147938Z Get:33 http://azure.archive.ubuntu.com/ubuntu noble-security/universe Translation-en [209 kB]
2026-01-27T21:30:11.4174101Z Get:34 http://azure.archive.ubuntu.com/ubuntu noble-security/universe amd64 Components [74.3 kB]
2026-01-27T21:30:11.4187535Z Get:35 http://azure.archive.ubuntu.com/ubuntu noble-security/universe amd64 c-n-f Metadata [19.7 kB]
2026-01-27T21:30:11.4198574Z Get:36 http://azure.archive.ubuntu.com/ubuntu noble-security/restricted amd64 Components [212 B]
2026-01-27T21:30:11.4207758Z Get:37 http://azure.archive.ubuntu.com/ubuntu noble-security/multiverse amd64 Packages [28.0 kB]
2026-01-27T21:30:11.4216005Z Get:38 http://azure.archive.ubuntu.com/ubuntu noble-security/multiverse Translation-en [6472 B]
2026-01-27T21:30:11.4228986Z Get:39 http://azure.archive.ubuntu.com/ubuntu noble-security/multiverse amd64 Components [212 B]
2026-01-27T21:30:11.4551588Z Get:40 https://packages.microsoft.com/ubuntu/24.04/prod noble/main armhf Packages [12.3 kB]
2026-01-27T21:30:11.4679905Z Get:41 https://packages.microsoft.com/ubuntu/24.04/prod noble/main amd64 Packages [86.6 kB]
2026-01-27T21:30:11.4832481Z Get:42 https://packages.microsoft.com/ubuntu/24.04/prod noble/main all Packages [650 B]
2026-01-27T21:30:11.4918133Z Get:43 https://packages.microsoft.com/ubuntu/24.04/prod noble/main arm64 Packages [66.6 kB]
2026-01-27T21:30:19.9999100Z Fetched 11.1 MB in 1s (8505 kB/s)
2026-01-27T21:30:20.7332209Z Reading package lists...
2026-01-27T21:30:20.7585645Z Reading package lists...
2026-01-27T21:30:20.9185595Z Building dependency tree...
2026-01-27T21:30:20.9192806Z Reading state information...
2026-01-27T21:30:21.0831402Z libasound2t64 is already the newest version (1.2.11-1ubuntu0.1).
2026-01-27T21:30:21.0832268Z libasound2t64 set to manually installed.
2026-01-27T21:30:21.0833032Z libatk-bridge2.0-0t64 is already the newest version (2.52.0-1build1).
2026-01-27T21:30:21.0833826Z libatk-bridge2.0-0t64 set to manually installed.
2026-01-27T21:30:21.0834487Z libatk1.0-0t64 is already the newest version (2.52.0-1build1).
2026-01-27T21:30:21.0835176Z libatk1.0-0t64 set to manually installed.
2026-01-27T21:30:21.0835840Z libatspi2.0-0t64 is already the newest version (2.52.0-1build1).
2026-01-27T21:30:21.0837088Z libatspi2.0-0t64 set to manually installed.
2026-01-27T21:30:21.0837780Z libcairo2 is already the newest version (1.18.0-3build1).
2026-01-27T21:30:21.0838419Z libcairo2 set to manually installed.
2026-01-27T21:30:21.0838837Z libcups2t64 is already the newest version (2.4.7-1.2ubuntu7.9).
2026-01-27T21:30:21.0839252Z libcups2t64 set to manually installed.
2026-01-27T21:30:21.0839644Z libdbus-1-3 is already the newest version (1.14.10-4ubuntu4.1).
2026-01-27T21:30:21.0840040Z libdbus-1-3 set to manually installed.
2026-01-27T21:30:21.0840420Z libdrm2 is already the newest version (2.4.122-1~ubuntu0.24.04.2).
2026-01-27T21:30:21.0840854Z libdrm2 set to manually installed.
2026-01-27T21:30:21.0841534Z libgbm1 is already the newest version (25.0.7-0ubuntu0.24.04.2).
2026-01-27T21:30:21.0841930Z libgbm1 set to manually installed.
2026-01-27T21:30:21.0842236Z libnspr4 is already the newest version (2:4.35-1.1build1).
2026-01-27T21:30:21.0842569Z libnspr4 set to manually installed.
2026-01-27T21:30:21.0842872Z libnss3 is already the newest version (2:3.98-1build1).
2026-01-27T21:30:21.0843401Z libnss3 set to manually installed.
2026-01-27T21:30:21.0843782Z libpango-1.0-0 is already the newest version (1.52.1+ds-1build1).
2026-01-27T21:30:21.0844371Z libpango-1.0-0 set to manually installed.
2026-01-27T21:30:21.0844871Z libx11-6 is already the newest version (2:1.8.7-1build1).
2026-01-27T21:30:21.0845192Z libx11-6 set to manually installed.
2026-01-27T21:30:21.0845484Z libxcb1 is already the newest version (1.15-1ubuntu2).
2026-01-27T21:30:21.0845787Z libxcb1 set to manually installed.
2026-01-27T21:30:21.0846113Z libxcomposite1 is already the newest version (1:0.4.5-1build3).
2026-01-27T21:30:21.0846475Z libxcomposite1 set to manually installed.
2026-01-27T21:30:21.0846806Z libxdamage1 is already the newest version (1:1.1.6-1build1).
2026-01-27T21:30:21.0847141Z libxdamage1 set to manually installed.
2026-01-27T21:30:21.0847448Z libxext6 is already the newest version (2:1.3.4-1build2).
2026-01-27T21:30:21.0847776Z libxext6 set to manually installed.
2026-01-27T21:30:21.0848086Z libxfixes3 is already the newest version (1:6.0.0-2build1).
2026-01-27T21:30:21.0848416Z libxfixes3 set to manually installed.
2026-01-27T21:30:21.0848732Z libxkbcommon0 is already the newest version (1.6.0-1build1).
2026-01-27T21:30:21.0849072Z libxkbcommon0 set to manually installed.
2026-01-27T21:30:21.0849396Z libxrandr2 is already the newest version (2:1.5.2-2build1).
2026-01-27T21:30:21.0849722Z libxrandr2 set to manually installed.
2026-01-27T21:30:21.0850034Z xvfb is already the newest version (2:21.1.12-1ubuntu1.5).
2026-01-27T21:30:21.0850475Z fonts-noto-color-emoji is already the newest version (2.047-0ubuntu0.24.04.1).
2026-01-27T21:30:21.0850962Z libfontconfig1 is already the newest version (2.15.0-1.1ubuntu2).
2026-01-27T21:30:21.0851509Z libfontconfig1 set to manually installed.
2026-01-27T21:30:21.0851872Z libfreetype6 is already the newest version (2.13.2+dfsg-1build3).
2026-01-27T21:30:21.0852225Z libfreetype6 set to manually installed.
2026-01-27T21:30:21.0852539Z fonts-liberation is already the newest version (1:2.1.5-3).
2026-01-27T21:30:21.0852872Z fonts-liberation set to manually installed.
2026-01-27T21:30:21.0853184Z The following additional packages will be installed:
2026-01-27T21:30:21.0853616Z   gir1.2-glib-2.0 libglib2.0-bin libglib2.0-data xfonts-encodings xfonts-utils
2026-01-27T21:30:21.0853984Z Suggested packages:
2026-01-27T21:30:21.0854177Z   low-memory-monitor
2026-01-27T21:30:21.0854369Z Recommended packages:
2026-01-27T21:30:21.0854579Z   fonts-ipafont-mincho fonts-tlwg-loma
2026-01-27T21:30:21.1061189Z The following NEW packages will be installed:
2026-01-27T21:30:21.1061913Z   fonts-freefont-ttf fonts-ipafont-gothic fonts-tlwg-loma-otf fonts-unifont
2026-01-27T21:30:21.1067916Z   fonts-wqy-zenhei xfonts-cyrillic xfonts-encodings xfonts-scalable
2026-01-27T21:30:21.1068496Z   xfonts-utils
2026-01-27T21:30:21.1071593Z The following packages will be upgraded:
2026-01-27T21:30:21.1077519Z   gir1.2-glib-2.0 libglib2.0-0t64 libglib2.0-bin libglib2.0-data
2026-01-27T21:30:21.1240730Z 4 upgraded, 9 newly installed, 0 to remove and 69 not upgraded.
2026-01-27T21:30:21.1241495Z Need to get 23.0 MB of archives.
2026-01-27T21:30:21.1241886Z After this operation, 79.6 MB of additional disk space will be used.
2026-01-27T21:30:21.1242331Z Get:1 file:/etc/apt/apt-mirrors.txt Mirrorlist [144 B]
2026-01-27T21:30:21.1977553Z Get:2 http://azure.archive.ubuntu.com/ubuntu noble/universe amd64 fonts-ipafont-gothic all 00303-21ubuntu1 [3513 kB]
2026-01-27T21:30:21.2967557Z Get:3 http://azure.archive.ubuntu.com/ubuntu noble-updates/main amd64 libglib2.0-data all 2.80.0-6ubuntu3.7 [49.4 kB]
2026-01-27T21:30:21.3433886Z Get:4 http://azure.archive.ubuntu.com/ubuntu noble-updates/main amd64 libglib2.0-bin amd64 2.80.0-6ubuntu3.7 [97.9 kB]
2026-01-27T21:30:21.3901644Z Get:5 http://azure.archive.ubuntu.com/ubuntu noble-updates/main amd64 gir1.2-glib-2.0 amd64 2.80.0-6ubuntu3.7 [183 kB]
2026-01-27T21:30:21.4375573Z Get:6 http://azure.archive.ubuntu.com/ubuntu noble-updates/main amd64 libglib2.0-0t64 amd64 2.80.0-6ubuntu3.7 [1545 kB]
2026-01-27T21:30:21.4978376Z Get:7 http://azure.archive.ubuntu.com/ubuntu noble/main amd64 fonts-freefont-ttf all 20211204+svn4273-2 [5641 kB]
2026-01-27T21:30:21.6362131Z Get:8 http://azure.archive.ubuntu.com/ubuntu noble/universe amd64 fonts-tlwg-loma-otf all 1:0.7.3-1 [107 kB]
2026-01-27T21:30:21.6871296Z Get:9 http://azure.archive.ubuntu.com/ubuntu noble/universe amd64 fonts-unifont all 1:15.1.01-1build1 [2993 kB]
2026-01-27T21:30:21.7857651Z Get:10 http://azure.archive.ubuntu.com/ubuntu noble/universe amd64 fonts-wqy-zenhei all 0.9.45-8 [7472 kB]
2026-01-27T21:30:21.9557536Z Get:11 http://azure.archive.ubuntu.com/ubuntu noble/main amd64 xfonts-encodings all 1:1.0.5-0ubuntu2 [578 kB]
2026-01-27T21:30:22.0140142Z Get:12 http://azure.archive.ubuntu.com/ubuntu noble/main amd64 xfonts-utils amd64 1:7.7+6build3 [94.4 kB]
2026-01-27T21:30:22.0647127Z Get:13 http://azure.archive.ubuntu.com/ubuntu noble/universe amd64 xfonts-cyrillic all 1:1.0.5+nmu1 [384 kB]
2026-01-27T21:30:22.1228148Z Get:14 http://azure.archive.ubuntu.com/ubuntu noble/main amd64 xfonts-scalable all 1:1.0.3-1.3 [304 kB]
2026-01-27T21:30:22.4031519Z Fetched 23.0 MB in 1s (22.7 MB/s)
2026-01-27T21:30:22.4279774Z Selecting previously unselected package fonts-ipafont-gothic.
2026-01-27T21:30:22.4569805Z (Reading database ... 
2026-01-27T21:30:22.4570215Z (Reading database ... 5%
2026-01-27T21:30:22.4570580Z (Reading database ... 10%
2026-01-27T21:30:22.4570798Z (Reading database ... 15%
2026-01-27T21:30:22.4571157Z (Reading database ... 20%
2026-01-27T21:30:22.4571353Z (Reading database ... 25%
2026-01-27T21:30:22.4571549Z (Reading database ... 30%
2026-01-27T21:30:22.4571737Z (Reading database ... 35%
2026-01-27T21:30:22.4571993Z (Reading database ... 40%
2026-01-27T21:30:22.4572356Z (Reading database ... 45%
2026-01-27T21:30:22.4572696Z (Reading database ... 50%
2026-01-27T21:30:22.4651614Z (Reading database ... 55%
2026-01-27T21:30:22.5808611Z (Reading database ... 60%
2026-01-27T21:30:22.6545280Z (Reading database ... 65%
2026-01-27T21:30:22.7295507Z (Reading database ... 70%
2026-01-27T21:30:22.8363475Z (Reading database ... 75%
2026-01-27T21:30:22.9735339Z (Reading database ... 80%
2026-01-27T21:30:23.1316659Z (Reading database ... 85%
2026-01-27T21:30:23.3223208Z (Reading database ... 90%
2026-01-27T21:30:23.4784120Z (Reading database ... 95%
2026-01-27T21:30:23.4784603Z (Reading database ... 100%
2026-01-27T21:30:23.4785050Z (Reading database ... 217173 files and directories currently installed.)
2026-01-27T21:30:23.4825337Z Preparing to unpack .../00-fonts-ipafont-gothic_00303-21ubuntu1_all.deb ...
2026-01-27T21:30:23.4916430Z Unpacking fonts-ipafont-gothic (00303-21ubuntu1) ...
2026-01-27T21:30:23.7280294Z Preparing to unpack .../01-libglib2.0-data_2.80.0-6ubuntu3.7_all.deb ...
2026-01-27T21:30:23.7300097Z Unpacking libglib2.0-data (2.80.0-6ubuntu3.7) over (2.80.0-6ubuntu3.4) ...
2026-01-27T21:30:23.7658566Z Preparing to unpack .../02-libglib2.0-bin_2.80.0-6ubuntu3.7_amd64.deb ...
2026-01-27T21:30:23.7679767Z Unpacking libglib2.0-bin (2.80.0-6ubuntu3.7) over (2.80.0-6ubuntu3.4) ...
2026-01-27T21:30:23.8248839Z Preparing to unpack .../03-gir1.2-glib-2.0_2.80.0-6ubuntu3.7_amd64.deb ...
2026-01-27T21:30:23.8268593Z Unpacking gir1.2-glib-2.0:amd64 (2.80.0-6ubuntu3.7) over (2.80.0-6ubuntu3.4) ...
2026-01-27T21:30:23.8654793Z Preparing to unpack .../04-libglib2.0-0t64_2.80.0-6ubuntu3.7_amd64.deb ...
2026-01-27T21:30:23.8717162Z Unpacking libglib2.0-0t64:amd64 (2.80.0-6ubuntu3.7) over (2.80.0-6ubuntu3.4) ...
2026-01-27T21:30:23.9160153Z Selecting previously unselected package fonts-freefont-ttf.
2026-01-27T21:30:23.9293570Z Preparing to unpack .../05-fonts-freefont-ttf_20211204+svn4273-2_all.deb ...
2026-01-27T21:30:23.9302188Z Unpacking fonts-freefont-ttf (20211204+svn4273-2) ...
2026-01-27T21:30:24.0151679Z Selecting previously unselected package fonts-tlwg-loma-otf.
2026-01-27T21:30:24.0284603Z Preparing to unpack .../06-fonts-tlwg-loma-otf_1%3a0.7.3-1_all.deb ...
2026-01-27T21:30:24.0292018Z Unpacking fonts-tlwg-loma-otf (1:0.7.3-1) ...
2026-01-27T21:30:24.0492915Z Selecting previously unselected package fonts-unifont.
2026-01-27T21:30:24.0621196Z Preparing to unpack .../07-fonts-unifont_1%3a15.1.01-1build1_all.deb ...
2026-01-27T21:30:24.0629206Z Unpacking fonts-unifont (1:15.1.01-1build1) ...
2026-01-27T21:30:24.1809756Z Selecting previously unselected package fonts-wqy-zenhei.
2026-01-27T21:30:24.1942108Z Preparing to unpack .../08-fonts-wqy-zenhei_0.9.45-8_all.deb ...
2026-01-27T21:30:24.2088479Z Unpacking fonts-wqy-zenhei (0.9.45-8) ...
2026-01-27T21:30:24.6624309Z Selecting previously unselected package xfonts-encodings.
2026-01-27T21:30:24.6757745Z Preparing to unpack .../09-xfonts-encodings_1%3a1.0.5-0ubuntu2_all.deb ...
2026-01-27T21:30:24.6764679Z Unpacking xfonts-encodings (1:1.0.5-0ubuntu2) ...
2026-01-27T21:30:24.7057333Z Selecting previously unselected package xfonts-utils.
2026-01-27T21:30:24.7189071Z Preparing to unpack .../10-xfonts-utils_1%3a7.7+6build3_amd64.deb ...
2026-01-27T21:30:24.7197509Z Unpacking xfonts-utils (1:7.7+6build3) ...
2026-01-27T21:30:24.7576572Z Selecting previously unselected package xfonts-cyrillic.
2026-01-27T21:30:24.7707952Z Preparing to unpack .../11-xfonts-cyrillic_1%3a1.0.5+nmu1_all.deb ...
2026-01-27T21:30:24.7715508Z Unpacking xfonts-cyrillic (1:1.0.5+nmu1) ...
2026-01-27T21:30:24.8066146Z Selecting previously unselected package xfonts-scalable.
2026-01-27T21:30:24.8195150Z Preparing to unpack .../12-xfonts-scalable_1%3a1.0.3-1.3_all.deb ...
2026-01-27T21:30:24.8202972Z Unpacking xfonts-scalable (1:1.0.3-1.3) ...
2026-01-27T21:30:24.8613077Z Setting up fonts-wqy-zenhei (0.9.45-8) ...
2026-01-27T21:30:24.8724867Z Setting up fonts-freefont-ttf (20211204+svn4273-2) ...
2026-01-27T21:30:24.8744409Z Setting up libglib2.0-0t64:amd64 (2.80.0-6ubuntu3.7) ...
2026-01-27T21:30:24.8951781Z Setting up libglib2.0-data (2.80.0-6ubuntu3.7) ...
2026-01-27T21:30:24.8971216Z Setting up fonts-tlwg-loma-otf (1:0.7.3-1) ...
2026-01-27T21:30:24.8990549Z Setting up xfonts-encodings (1:1.0.5-0ubuntu2) ...
2026-01-27T21:30:24.9009913Z Setting up gir1.2-glib-2.0:amd64 (2.80.0-6ubuntu3.7) ...
2026-01-27T21:30:24.9029768Z Setting up fonts-ipafont-gothic (00303-21ubuntu1) ...
2026-01-27T21:30:24.9344720Z update-alternatives: using /usr/share/fonts/opentype/ipafont-gothic/ipag.ttf to provide /usr/share/fonts/truetype/fonts-japanese-gothic.ttf (fonts-japanese-gothic.ttf) in auto mode
2026-01-27T21:30:24.9360900Z Setting up fonts-unifont (1:15.1.01-1build1) ...
2026-01-27T21:30:24.9380147Z Setting up libglib2.0-bin (2.80.0-6ubuntu3.7) ...
2026-01-27T21:30:24.9401961Z Setting up xfonts-utils (1:7.7+6build3) ...
2026-01-27T21:30:24.9441319Z Setting up xfonts-cyrillic (1:1.0.5+nmu1) ...
2026-01-27T21:30:24.9931696Z Setting up xfonts-scalable (1:1.0.3-1.3) ...
2026-01-27T21:30:25.0229723Z Processing triggers for libc-bin (2.39-0ubuntu8.6) ...
2026-01-27T21:30:25.0545879Z Processing triggers for man-db (2.12.0-4build2) ...
2026-01-27T21:30:25.0573332Z Not building database; man-db/auto-update is not 'true'.
2026-01-27T21:30:25.0585224Z Processing triggers for fontconfig (2.15.0-1.1ubuntu2) ...
2026-01-27T21:30:25.7432680Z 
2026-01-27T21:30:25.7433210Z Running kernel seems to be up-to-date.
2026-01-27T21:30:25.7433568Z 
2026-01-27T21:30:25.7433703Z Restarting services...
2026-01-27T21:30:25.7865400Z  systemctl restart packagekit.service php8.3-fpm.service polkit.service udisks2.service
2026-01-27T21:30:25.9099371Z 
2026-01-27T21:30:25.9106300Z Service restarts being deferred:
2026-01-27T21:30:25.9107083Z  systemctl restart ModemManager.service
2026-01-27T21:30:25.9107689Z  systemctl restart networkd-dispatcher.service
2026-01-27T21:30:25.9108085Z 
2026-01-27T21:30:25.9108279Z No containers need to be restarted.
2026-01-27T21:30:25.9108590Z 
2026-01-27T21:30:25.9108796Z No user sessions are running outdated binaries.
2026-01-27T21:30:25.9109180Z 
2026-01-27T21:30:25.9109509Z No VM guests are running outdated hypervisor (qemu) binaries on this host.
2026-01-27T21:30:26.8653924Z Downloading Chromium 143.0.7499.4 (playwright build v1200) from https://cdn.playwright.dev/dbazure/download/playwright/builds/chromium/1200/chromium-linux.zip
2026-01-27T21:30:26.9603628Z (node:3109) [DEP0169] DeprecationWarning: `url.parse()` behavior is not standardized and prone to errors that have security implications. Use the WHATWG URL API instead. CVEs are not issued for `url.parse()` vulnerabilities.
2026-01-27T21:30:26.9605463Z (Use `node --trace-deprecation ...` to show where the warning was created)
2026-01-27T21:30:27.2082297Z |                                                                                |   0% of 164.7 MiB
2026-01-27T21:30:27.4014075Z |■■■■■■■■                                                                        |  10% of 164.7 MiB
2026-01-27T21:30:27.5734479Z |■■■■■■■■■■■■■■■■                                                                |  20% of 164.7 MiB
2026-01-27T21:30:27.7204446Z |■■■■■■■■■■■■■■■■■■■■■■■■                                                        |  30% of 164.7 MiB
2026-01-27T21:30:27.8297034Z |■■■■■■■■■■■■■■■■■■■■■■■■■■■■■■■■                                                |  40% of 164.7 MiB
2026-01-27T21:30:27.9479272Z |■■■■■■■■■■■■■■■■■■■■■■■■■■■■■■■■■■■■■■■■                                        |  50% of 164.7 MiB
2026-01-27T21:30:28.1178925Z |■■■■■■■■■■■■■■■■■■■■■■■■■■■■■■■■■■■■■■■■■■■■■■■■                                |  60% of 164.7 MiB
2026-01-27T21:30:28.2416404Z |■■■■■■■■■■■■■■■■■■■■■■■■■■■■■■■■■■■■■■■■■■■■■■■■■■■■■■■■                        |  70% of 164.7 MiB
2026-01-27T21:30:28.4769354Z |■■■■■■■■■■■■■■■■■■■■■■■■■■■■■■■■■■■■■■■■■■■■■■■■■■■■■■■■■■■■■■■■                |  80% of 164.7 MiB
2026-01-27T21:30:28.5875479Z |■■■■■■■■■■■■■■■■■■■■■■■■■■■■■■■■■■■■■■■■■■■■■■■■■■■■■■■■■■■■■■■■■■■■■■■■        |  90% of 164.7 MiB
2026-01-27T21:30:28.6933836Z |■■■■■■■■■■■■■■■■■■■■■■■■■■■■■■■■■■■■■■■■■■■■■■■■■■■■■■■■■■■■■■■■■■■■■■■■■■■■■■■■| 100% of 164.7 MiB
2026-01-27T21:30:31.0673417Z Chromium 143.0.7499.4 (playwright build v1200) downloaded to /home/runner/.cache/ms-playwright/chromium-1200
2026-01-27T21:30:31.0677141Z Downloading FFMPEG playwright build v1011 from https://cdn.playwright.dev/dbazure/download/playwright/builds/ffmpeg/1011/ffmpeg-linux.zip
2026-01-27T21:30:31.1642568Z (node:3120) [DEP0169] DeprecationWarning: `url.parse()` behavior is not standardized and prone to errors that have security implications. Use the WHATWG URL API instead. CVEs are not issued for `url.parse()` vulnerabilities.
2026-01-27T21:30:31.1643705Z (Use `node --trace-deprecation ...` to show where the warning was created)
2026-01-27T21:30:31.2942095Z |                                                                                |   0% of 2.3 MiB
2026-01-27T21:30:31.3131852Z |■■■■■■■■                                                                        |  10% of 2.3 MiB
2026-01-27T21:30:31.3275334Z |■■■■■■■■■■■■■■■■                                                                |  20% of 2.3 MiB
2026-01-27T21:30:31.3334384Z |■■■■■■■■■■■■■■■■■■■■■■■■                                                        |  30% of 2.3 MiB
2026-01-27T21:30:31.3381612Z |■■■■■■■■■■■■■■■■■■■■■■■■■■■■■■■■                                                |  40% of 2.3 MiB
2026-01-27T21:30:31.3426451Z |■■■■■■■■■■■■■■■■■■■■■■■■■■■■■■■■■■■■■■■■                                        |  50% of 2.3 MiB
2026-01-27T21:30:31.3466800Z |■■■■■■■■■■■■■■■■■■■■■■■■■■■■■■■■■■■■■■■■■■■■■■■■                                |  60% of 2.3 MiB
2026-01-27T21:30:31.3492116Z |■■■■■■■■■■■■■■■■■■■■■■■■■■■■■■■■■■■■■■■■■■■■■■■■■■■■■■■■                        |  70% of 2.3 MiB
2026-01-27T21:30:31.3657476Z |■■■■■■■■■■■■■■■■■■■■■■■■■■■■■■■■■■■■■■■■■■■■■■■■■■■■■■■■■■■■■■■■                |  80% of 2.3 MiB
2026-01-27T21:30:31.3679479Z |■■■■■■■■■■■■■■■■■■■■■■■■■■■■■■■■■■■■■■■■■■■■■■■■■■■■■■■■■■■■■■■■■■■■■■■■        |  90% of 2.3 MiB
2026-01-27T21:30:31.3717997Z |■■■■■■■■■■■■■■■■■■■■■■■■■■■■■■■■■■■■■■■■■■■■■■■■■■■■■■■■■■■■■■■■■■■■■■■■■■■■■■■■| 100% of 2.3 MiB
2026-01-27T21:30:31.4247719Z FFMPEG playwright build v1011 downloaded to /home/runner/.cache/ms-playwright/ffmpeg-1011
2026-01-27T21:30:31.4251815Z Downloading Chromium Headless Shell 143.0.7499.4 (playwright build v1200) from https://cdn.playwright.dev/dbazure/download/playwright/builds/chromium/1200/chromium-headless-shell-linux.zip
2026-01-27T21:30:31.5194769Z (node:3131) [DEP0169] DeprecationWarning: `url.parse()` behavior is not standardized and prone to errors that have security implications. Use the WHATWG URL API instead. CVEs are not issued for `url.parse()` vulnerabilities.
2026-01-27T21:30:31.5195880Z (Use `node --trace-deprecation ...` to show where the warning was created)
2026-01-27T21:30:31.7313245Z |                                                                                |   0% of 109.7 MiB
2026-01-27T21:30:31.8499306Z |■■■■■■■■                                                                        |  10% of 109.7 MiB
2026-01-27T21:30:31.9513377Z |■■■■■■■■■■■■■■■■                                                                |  20% of 109.7 MiB
2026-01-27T21:30:32.0387222Z |■■■■■■■■■■■■■■■■■■■■■■■■                                                        |  30% of 109.7 MiB
2026-01-27T21:30:32.1277790Z |■■■■■■■■■■■■■■■■■■■■■■■■■■■■■■■■                                                |  40% of 109.7 MiB
2026-01-27T21:30:32.1858654Z |■■■■■■■■■■■■■■■■■■■■■■■■■■■■■■■■■■■■■■■■                                        |  50% of 109.7 MiB
2026-01-27T21:30:32.2563594Z |■■■■■■■■■■■■■■■■■■■■■■■■■■■■■■■■■■■■■■■■■■■■■■■■                                |  60% of 109.7 MiB
2026-01-27T21:30:32.3451336Z |■■■■■■■■■■■■■■■■■■■■■■■■■■■■■■■■■■■■■■■■■■■■■■■■■■■■■■■■                        |  70% of 109.7 MiB
2026-01-27T21:30:32.4239073Z |■■■■■■■■■■■■■■■■■■■■■■■■■■■■■■■■■■■■■■■■■■■■■■■■■■■■■■■■■■■■■■■■                |  80% of 109.7 MiB
2026-01-27T21:30:32.5042720Z |■■■■■■■■■■■■■■■■■■■■■■■■■■■■■■■■■■■■■■■■■■■■■■■■■■■■■■■■■■■■■■■■■■■■■■■■        |  90% of 109.7 MiB
2026-01-27T21:30:32.6229706Z |■■■■■■■■■■■■■■■■■■■■■■■■■■■■■■■■■■■■■■■■■■■■■■■■■■■■■■■■■■■■■■■■■■■■■■■■■■■■■■■■| 100% of 109.7 MiB
2026-01-27T21:30:34.3943054Z Chromium Headless Shell 143.0.7499.4 (playwright build v1200) downloaded to /home/runner/.cache/ms-playwright/chromium_headless_shell-1200
2026-01-27T21:30:34.4145496Z ##[group]Run # Start server in background using the test runner script
2026-01-27T21:30:34.4145988Z [36;1m# Start server in background using the test runner script[0m
2026-01-27T21:30:34.4146408Z [36;1mnohup python scripts/debug/run_app_test.py > server.log 2>&1 &[0m
2026-01-27T21:30:34.4146782Z [36;1mecho "Server started with PID $!"[0m
2026-01-27T21:30:34.4147015Z [36;1m[0m
2026-01-27T21:30:34.4147191Z [36;1m# Checking if server starts up[0m
2026-01-27T21:30:34.4147421Z [36;1msleep 10[0m
2026-01-27T21:30:34.4147602Z [36;1mcat server.log[0m
2026-01-27T21:30:34.4179943Z shell: /usr/bin/bash -e {0}
2026-01-27T21:30:34.4180173Z env:
2026-01-27T21:30:34.4180418Z   pythonLocation: /opt/hostedtoolcache/Python/3.10.19/x64
2026-01-27T21:30:34.4180843Z   PKG_CONFIG_PATH: /opt/hostedtoolcache/Python/3.10.19/x64/lib/pkgconfig
2026-01-27T21:30:34.4181445Z   Python_ROOT_DIR: /opt/hostedtoolcache/Python/3.10.19/x64
2026-01-27T21:30:34.4181839Z   Python2_ROOT_DIR: /opt/hostedtoolcache/Python/3.10.19/x64
2026-01-27T21:30:34.4182197Z   Python3_ROOT_DIR: /opt/hostedtoolcache/Python/3.10.19/x64
2026-01-27T21:30:34.4182550Z   LD_LIBRARY_PATH: /opt/hostedtoolcache/Python/3.10.19/x64/lib
2026-01-27T21:30:34.4182846Z ##[endgroup]
2026-01-27T21:30:34.4235854Z Server started with PID 3144
2026-01-27T21:30:44.5247891Z Traceback (most recent call last):
2026-01-27T21:30:44.5254890Z   File "/home/runner/work/JapanHorseRacePrediction/JapanHorseRacePrediction/scripts/debug/run_app_test.py", line 7, in <module>
2026-01-27T21:30:44.5255589Z     from app import app, load_model
2026-01-27T21:30:44.5256183Z   File "/home/runner/work/JapanHorseRacePrediction/JapanHorseRacePrediction/app.py", line 556, in <module>
2026-01-27T21:30:44.5256810Z     from modules.netkeiba_automator import NetkeibaAutomator
2026-01-27T21:30:44.5257804Z   File "/home/runner/work/JapanHorseRacePrediction/JapanHorseRacePrediction/modules/netkeiba_automator.py", line 2, in <module>
2026-01-27T21:30:44.5258439Z     from selenium import webdriver
2026-01-27T21:30:44.5258721Z ModuleNotFoundError: No module named 'selenium'
2026-01-27T21:30:44.5282283Z ##[group]Run # Validate logic (checks for console errors and element visibility)
2026-01-27T21:30:44.5282810Z [36;1m# Validate logic (checks for console errors and element visibility)[0m
2026-01-27T21:30:44.5283346Z [36;1mpython scripts/utils/validate_frontend.py http://127.0.0.1:5001/ "#featureChart"[0m
2026-01-27T21:30:44.5315807Z shell: /usr/bin/bash -e {0}
2026-01-27T21:30:44.5316044Z env:
2026-01-27T21:30:44.5316295Z   pythonLocation: /opt/hostedtoolcache/Python/3.10.19/x64
2026-01-27T21:30:44.5316725Z   PKG_CONFIG_PATH: /opt/hostedtoolcache/Python/3.10.19/x64/lib/pkgconfig
2026-01-27T21:30:44.5317156Z   Python_ROOT_DIR: /opt/hostedtoolcache/Python/3.10.19/x64
2026-01-27T21:30:44.5317533Z   Python2_ROOT_DIR: /opt/hostedtoolcache/Python/3.10.19/x64
2026-01-27T21:30:44.5317893Z   Python3_ROOT_DIR: /opt/hostedtoolcache/Python/3.10.19/x64
2026-01-27T21:30:44.5318249Z   LD_LIBRARY_PATH: /opt/hostedtoolcache/Python/3.10.19/x64/lib
2026-01-27T21:30:44.5318552Z ##[endgroup]
2026-01-27T21:30:46.4145075Z Starting frontend validation for: http://127.0.0.1:5001/
2026-01-27T21:30:46.4145533Z Target selector: #featureChart
2026-01-27T21:30:46.4146125Z FATAL ERROR: Validation script crashed: Page.goto: net::ERR_CONNECTION_REFUSED at http://127.0.0.1:5001/
2026-01-27T21:30:46.4146585Z Call log:
2026-01-27T21:30:46.4146878Z   - navigating to "http://127.0.0.1:5001/", waiting until "networkidle"
2026-01-27T21:30:46.4147176Z 
2026-01-27T21:30:46.4310519Z ##[error]Process completed with exit code 1.
2026-01-27T21:30:46.4385581Z ##[group]Run actions/upload-artifact@v4
2026-01-27T21:30:46.4385859Z with:
2026-01-27T21:30:46.4386023Z   name: server-logs
2026-01-27T21:30:46.4386208Z   path: server.log
2026-01-27T21:30:46.4386411Z   if-no-files-found: warn
2026-01-27T21:30:46.4386627Z   compression-level: 6
2026-01-27T21:30:46.4386816Z   overwrite: false
2026-01-27T21:30:46.4387002Z   include-hidden-files: false
2026-01-27T21:30:46.4387204Z env:
2026-01-27T21:30:46.4387442Z   pythonLocation: /opt/hostedtoolcache/Python/3.10.19/x64
2026-01-27T21:30:46.4387848Z   PKG_CONFIG_PATH: /opt/hostedtoolcache/Python/3.10.19/x64/lib/pkgconfig
2026-01-27T21:30:46.4388242Z   Python_ROOT_DIR: /opt/hostedtoolcache/Python/3.10.19/x64
2026-01-27T21:30:46.4388595Z   Python2_ROOT_DIR: /opt/hostedtoolcache/Python/3.10.19/x64
2026-01-27T21:30:46.4388942Z   Python3_ROOT_DIR: /opt/hostedtoolcache/Python/3.10.19/x64
2026-01-27T21:30:46.4389294Z   LD_LIBRARY_PATH: /opt/hostedtoolcache/Python/3.10.19/x64/lib
2026-01-27T21:30:46.4389604Z ##[endgroup]
2026-01-27T21:30:46.7311484Z With the provided path, there will be 1 file uploaded
2026-01-27T21:30:46.7317437Z Artifact name is valid!
2026-01-27T21:30:46.7319634Z Root directory input is valid!
2026-01-27T21:30:46.9913467Z Beginning upload of artifact content to blob storage
2026-01-27T21:30:47.2599708Z Uploaded bytes 373
2026-01-27T21:30:47.3304657Z Finished uploading artifact content to blob storage!
2026-01-27T21:30:47.3308239Z SHA256 digest of uploaded artifact zip is e2290f3095731725e14e080cc22c270be213bc6314bc1dc871441b498739e075
2026-01-27T21:30:47.3309742Z Finalizing artifact upload
2026-01-27T21:30:47.5010497Z Artifact server-logs.zip successfully finalized. Artifact ID 5279063602
2026-01-27T21:30:47.5011861Z Artifact server-logs has been successfully uploaded! Final size is 373 bytes. Artifact ID is 5279063602
2026-01-27T21:30:47.5018640Z Artifact download URL: https://github.com/AutumnCrocus/JapanHorseRacePrediction/actions/runs/21414889745/artifacts/5279063602
2026-01-27T21:30:47.5156383Z Post job cleanup.
2026-01-27T21:30:47.6103796Z [command]/usr/bin/git version
2026-01-27T21:30:47.6138905Z git version 2.52.0
2026-01-27T21:30:47.6180764Z Temporarily overriding HOME='/home/runner/work/_temp/0ce7d2f6-f3d9-46af-aa61-f144a1425315' before making global git config changes
2026-01-27T21:30:47.6182265Z Adding repository directory to the temporary git global config as a safe directory
2026-01-27T21:30:47.6193786Z [command]/usr/bin/git config --global --add safe.directory /home/runner/work/JapanHorseRacePrediction/JapanHorseRacePrediction
2026-01-27T21:30:47.6226906Z [command]/usr/bin/git config --local --name-only --get-regexp core\.sshCommand
2026-01-27T21:30:47.6257953Z [command]/usr/bin/git submodule foreach --recursive sh -c "git config --local --name-only --get-regexp 'core\.sshCommand' && git config --local --unset-all 'core.sshCommand' || :"
2026-01-27T21:30:47.6517463Z [command]/usr/bin/git config --local --name-only --get-regexp http\.https\:\/\/github\.com\/\.extraheader
2026-01-27T21:30:47.6538981Z http.https://github.com/.extraheader
2026-01-27T21:30:47.6556673Z [command]/usr/bin/git config --local --unset-all http.https://github.com/.extraheader
2026-01-27T21:30:47.6592163Z [command]/usr/bin/git submodule foreach --recursive sh -c "git config --local --name-only --get-regexp 'http\.https\:\/\/github\.com\/\.extraheader' && git config --local --unset-all 'http.https://github.com/.extraheader' || :"
2026-01-27T21:30:47.6832520Z [command]/usr/bin/git config --local --name-only --get-regexp ^includeIf\.gitdir:
2026-01-27T21:30:47.6865625Z [command]/usr/bin/git submodule foreach --recursive git config --local --show-origin --name-only --get-regexp remote.origin.url
2026-01-27T21:30:47.7214627Z Cleaning up orphan processes
